[    0.000000] Initializing cgroup subsys cpu
[    0.000000] Linux version 3.0.16-evervolv-turba-jellybean+ (nikez@Perfection) (gcc version 4.4.1 (Sourcery G++ Lite 2010q1-188) ) #1 PREEMPT Tue Jun 4 12:11:07 CEST 2013
[    0.000000] Ignoring unrecognised tag 0x4d534d76
[    0.000000] Partition (from atag) misc -- Offset:ffb Size:5
[    0.000000] Partition (from atag) recovery -- Offset:212 Size:24
[    0.000000] Partition (from atag) boot -- Offset:236 Size:18
[    0.000000] Partition (from atag) system -- Offset:24e Size:7d0
[    0.000000] Partition (from atag) cache -- Offset:a1e Size:140
[    0.000000] Partition (from atag) userdata -- Offset:b5e Size:49d
[    0.000000] Ignoring unrecognised tag 0x5441000a
[    0.000000] CAM_AWB_CAL Data size = 514 , 0x59504550, size = 2048
[    0.000000] Ignoring unrecognised tag 0x41387898
[    0.000000] parse_tag_ps_calibration: ps_kparam1 = 0x0, ps_kparam2 = 0x0
[    0.000000] size_pmem_device: pmem pmem_adsp requests 44060672 bytes dynamically.
[    0.000000] size_pmem_device: pmem pmem requests 33554432 bytes dynamically.
[    0.000000] size_pmem_device: pmem pmem_venc requests 8388608 bytes dynamically.
[    0.000000] reserve_memory_for: reserve 44060672 bytes from memory 3 for pmem_adsp.
[    0.000000] reserve_memory_for: reserve 33554432 bytes from memory 3 for pmem.
[    0.000000] reserve_memory_for: reserve 8388608 bytes from memory 3 for pmem_venc.
[    0.000000] memory pool 3 (start 36400000 size 5300000) initialized
[    0.000000] smem_find(137, 72): wrong size 56
[    0.000000] smem_find(137, 64): wrong size 56
[    0.000000] smem_find(137, 64): wrong size 56
[    0.000000] socinfo_init: v2, id=36, ver=2.0, raw_id=576, raw_ver=2
[    0.000000] Kernel command line: board_bravo.disable_uart3=0 board_bravo.usb_h2w_sw=0 board_bravo.disable_sdcard=0 diag.enabled=0 board_bravo.debug_uart=0 smisize=0 userdata_sel=0 androidboot.emmc=false  androidboot.baseband=5.17.05.23 androidboot.cid=HTC__Y13 androidboot.carrier=HTC-Nor androidboot.mid=PB9920000 androidboot.keycaps=qwerty androidboot.mode=normal androidboot.serialno=SH08RPL05562 androidboot.bootloader=6.93.1002 no_console_suspend=1 msmsdcc_sdioirq=1 wire.search_count=5
[    0.000000] board_bootloader_setup: 6.93.1002
[    0.000000] board_bootloader_setup: MFG BUILD
[    0.000000] PID hash table entries: 2048 (order: 1, 8192 bytes)
[    0.000000] Dentry cache hash table entries: 65536 (order: 6, 262144 bytes)
[    0.000000] Inode-cache hash table entries: 32768 (order: 5, 131072 bytes)
[    0.000000] Memory: 232MB 100MB = 332MB total
[    0.000000] Memory: 323000k/323000k available, 101960k reserved, 0K highmem
[    0.000000] Virtual kernel memory layout:
[    0.000000]     vector  : 0xffff0000 - 0xffff1000   (   4 kB)
[    0.000000]     fixmap  : 0xfff00000 - 0xfffe0000   ( 896 kB)
[    0.000000]     DMA     : 0xff000000 - 0xffe00000   (  14 MB)
[    0.000000]     vmalloc : 0xdb800000 - 0xf8000000   ( 456 MB)
[    0.000000]     lowmem  : 0xc0000000 - 0xdb700000   ( 439 MB)
[    0.000000]     modules : 0xbf000000 - 0xc0000000   (  16 MB)
[    0.000000]       .init : 0xc0008000 - 0xc0037000   ( 188 kB)
[    0.000000]       .text : 0xc0037000 - 0xc05cb000   (5712 kB)
[    0.000000]       .data : 0xc05cc000 - 0xc0626140   ( 361 kB)
[    0.000000]        .bss : 0xc0626164 - 0xc0cb04a8   (6697 kB)
[    0.000000] SLUB: Genslabs=13, HWalign=32, Order=0-3, MinObjects=0, CPUs=1, Nodes=1
[    0.000000] NR_IRQS:293
[    0.000000] sched_clock: 32 bits at 32kHz, resolution 30517ns, wraps every 131071999ms
[    0.000213] Calibrating delay loop... 511.18 BogoMIPS (lpj=2555904)
[    0.050109] pid_max: default: 32768 minimum: 301
[    0.050628] Mount-cache hash table entries: 512
[    0.052734] Initializing cgroup subsys cpuacct
[    0.052764] Initializing cgroup subsys freezer
[    0.052795] Initializing cgroup subsys blkio
[    0.053039] CPU: Testing write buffer coherency: ok
[    0.061157] print_constraints: dummy: 
[    0.061370] rdev_init_debugfs: Error-Bad Function Input
[    0.062011] NET: Registered protocol family 16
[    0.066619] bravo_init() revision=131
[    0.067779] Max ACPU freq from efuse data is 998400 KHz
[   12.192382] ACPU running at 768000 KHz
[   12.192382] 5 scaling frequencies supported.
[   12.194091] ram_console: got buffer at 3a00000, size 40000
[   12.194305] ram_console: found existing buffer, size 32879, start 32879
[   12.359252] console [ram0] enabled
[   12.361938] bravo_init_mmc()+
[   12.362426] bravo_init_mmc()-
[   12.362548] bravo_add_usb_devices rev: 131
[   12.362762] failed to request gpio ulpi_dir
[   12.365509] print_constraints: fs_gfx3d: normal 
[   12.382507] bio: create slab <bio-0> at 0
[   12.384185] msm_i2c_probe
[   12.384521] msm_i2c_probe: clk_ctl 35d, 100000 Hz
[   12.388092] print_constraints: dcdc1: 800 <--> 1350 mV at 1300 mV 
[   12.388580] rdev_init_debugfs: Error-Bad Function Input
[   12.389099] print_constraints: dcdc2: 1260 mV 
[   12.389739] rdev_init_debugfs: Error-Bad Function Input
[   12.390289] print_constraints: dcdc3: 800 <--> 3300 mV at 1800 mV 
[   12.390686] rdev_init_debugfs: Error-Bad Function Input
[   12.391815] print_constraints: ldo1: 1000 <--> 3150 mV at 2800 mV 
[   12.392242] rdev_init_debugfs: Error-Bad Function Input
[   12.392761] print_constraints: ldo2: 3300 mV 
[   12.393310] rdev_init_debugfs: Error-Bad Function Input
[   12.396057] Bluetooth: Core ver 2.16
[   12.396362] NET: Registered protocol family 31
[   12.396484] Bluetooth: HCI device and connection manager initialized
[   12.396789] Bluetooth: HCI socket layer initialized
[   12.397918] cfg80211: Calling CRDA to update world regulatory domain
[   12.399200] Switching to clocksource gp_timer
[   12.401794] [TTY_IO] create tty_wq for smd0
[   12.402343] spi clk = 0x0
[   12.402465] spi: SPI_CONFIG=0
[   12.402587] spi: SPI_IO_CONTROL=0
[   12.402740] spi: SPI_OPERATIONAL=0
[   12.402954] spi: SPI_ERROR_FLAGS_EN=0
[   12.403106] spi: SPI_ERROR_FLAGS=0
[   12.403228] -msm_spi_probe()
[   12.404205] NET: Registered protocol family 2
[   12.404724] IP route cache hash table entries: 4096 (order: 2, 16384 bytes)
[   12.405975] TCP established hash table entries: 16384 (order: 5, 131072 bytes)
[   12.406921] TCP bind hash table entries: 16384 (order: 7, 589824 bytes)
[   12.418518] TCP: Hash tables configured (established 16384 bind 16384)
[   12.418701] TCP reno registered
[   12.418975] UDP hash table entries: 256 (order: 2, 20480 bytes)
[   12.419525] UDP-Lite hash table entries: 256 (order: 2, 20480 bytes)
[   12.420806] NET: Registered protocol family 1
[   12.421722] Unpacking initramfs...
[   12.440338] Freeing initrd memory: 180K
[   12.440795] PMU: registered new PMU device of type 0
[   12.459625] Notify: smsm init
[   12.469543] rpcrouter_smd_remote_notify: smd opened 0x  (null)
[   12.472961] dma_test_init, minor number 49
[   12.474121] Registered led device: flashlight
[   12.474395] [FLT]flashlight_probe: led_count = 0
[   12.474548] [FLT]flashlight_probe: The Flashlight Driver is ready
[   12.475494] htc_battery_init
[   12.475799] Battery Probe
[   12.496124] RPC_TIME_TOD_SET_APPS_BASES:
[   12.496124] 	tick = 12737182
[   12.496124] 	stamp = 1077339093
[   12.496948] htc_battery_core_probe
[   12.499237] [BATT-DEBUG: DISPLAYING ADDITIONAL BATTERY INFO]
[   12.500305] [BATT-DEBUG]: Batt ID:0 Batt_vol:0 Batt_temp:0
[   12.500457] [BATT-DEBUG]: Batt_level:0 Batt_charging_source: 0 Batt_enabled: 0 Full_bat: 0
[   12.500701] [BATT] err:smem_alloc fail at 371353051 (1970-01-01 00:00:00.371231054 UTC)
[   12.501098] [BATT] htc_cable_status_update: 0 -> 0
[   12.503356] mdp_probe: initialized
[   12.503631] spi: SPI_CONFIG=88
[   12.503845] spi: SPI_IO_CONTROL=401
[   12.503997] spi: SPI_OPERATIONAL=85
[   12.504119] spi: SPI_ERROR_FLAGS_EN=7f
[   12.504333] spi: SPI_ERROR_FLAGS=7f
[   12.504486] -bravo_init_spi_hack()
[   12.504669] bravo_init_panel: tft panel
[   12.505554] Registered led device: lcd-backlight
[   12.509552] bravo-microp 0-0066: microp version [05][1D]
[   12.510223] Registered led device: green
[   12.510955] Registered led device: amber
[   12.511352] Registered led device: blue
[   12.511718] Registered led device: button-backlight
[   12.512390] H2W: htc_35mm_jack driver register
[   12.514373] input: h2w headset as /devices/virtual/input/input0
[   12.520568] microp_spi_vote_enable: Changing SPI [1]
[   12.550628] i2c-core: driver [bravo-microp] using legacy suspend method
[   12.550872] i2c-core: driver [bravo-microp] using legacy resume method
[   12.551300] tpa2018d1_init
[   12.551635] i2c-core: driver [tpa2018d1] using legacy suspend method
[   12.551788] i2c-core: driver [tpa2018d1] using legacy resume method
[   12.560852] ashmem: initialized
[   12.583221] fuse init (API version 7.16)
[   12.584350] yaffs: yaffs built Jun  4 2013 12:10:11 Installing.
[   12.591064] io scheduler noop registered
[   12.591217] io scheduler deadline registered
[   12.591949] io scheduler cfq registered
[   12.592590] io scheduler bfq registered (default)
[   12.592834] start plist test
[   12.607727] end plist test
[   12.611358] [CLK] clk_set_rate: failed to set clk: MDP_LCDC_PAD_PCLK_CLK, rate=24576000, flags=0x200, rc=-5
[   12.612457] setup_fb_info msmfb->xres 480, msmfb->yres 800
[   12.613159] msmfb_probe() installing 480 x 800 panel
[   12.614654] load_565rle_image: Can not open /logo.rle
[   12.614837] mdp_lcdc_probe: initialized
[   12.616302] msm_serial: detected port #0
[   12.616851] msm_serial.0: ttyMSM0 at MMIO 0xa9a00000 (irq = 229) is a MSM
[   12.618377] msm_serial: driver initialized
[   12.619415] msm_serial_hs_init failed to load
[   12.620635] [BT]BRCM chip
[   12.621002] [CLK] clk_set_rate: failed to set clk: GP_CLK, rate=7372800, flags=0x200, rc=-5
[   12.621246] [BT]Error setting clock rate on UART
[   12.621459] msm_serial_hs_brcm: probe of msm_serial_hs_brcm.0 failed with error -5
[   12.622039] [BT]msm_serial_hs module loaded
[   12.624755] kgsl kgsl-3d0: |kgsl_gpummu_init| MMU type set for device is GPUMMU
[   12.634124] loop: module loaded
[   12.634552] pmem: Initializing pmem as cached
[   12.635437] allocating 33554432 bytes at 36400000 physical for pmem
[   12.635772] pmem: Initializing pmem_adsp as cached
[   12.636352] allocating 44060672 bytes at 38400000 physical for pmem_adsp
[   12.636657] pmem: Initializing pmem_venc as cached
[   12.637176] allocating 8388608 bytes at 3ae05000 physical for pmem_venc
[   12.637664] AKM8973 compass driver: init
[   12.638000] akm8973_probe: request reset gpio failed
[   12.638153] akm8973: probe of 0-001c failed with error -16
[   12.638519] Error: Driver 'tps65023' is already registered, aborting...
[   12.640502] msm_nand_probe: phys addr 0xa0a00000 
[   12.640777] msm_nand_probe: dmac 0x7
[   12.640930] msm_nand_probe: allocated dma buffer at ffdb2000, dma_addr 35f14000
[   12.641998] ONFI probe : Found a nonONFI Compliant device 
[   12.642242] status: c00020
[   12.642395] nandid: 5500bcec maker ec device bc
[   12.642669] Found a supported NAND device
[   12.642791] NAND Id  : 0x5500bcec
[   12.642944] Buswidth : 16 Bits
[   12.643157] Density  : 512 MByte
[   12.643310] Pagesize : 2048 Bytes
[   12.643432] Erasesize: 131072 Bytes
[   12.643676] Oobsize  : 64 Bytes
[   12.643798] CFG0 Init  : 0xa85408c0
[   12.643920] CFG1 Init  : 0x0004745e
[   12.644042] ECCBUFCFG  : 0x00000203
[   12.644287] Creating 6 MTD partitions on "msm_nand":
[   12.644439] 0x00001ff60000-0x000020000000 : "misc"
[   12.649017] 0x000004240000-0x0000046c0000 : "recovery"
[   12.656219] 0x0000046c0000-0x0000049c0000 : "boot"
[   12.662078] 0x0000049c0000-0x0000143c0000 : "system"
[   12.940887] 0x0000143c0000-0x000016bc0000 : "cache"
[   12.987670] 0x000016bc0000-0x00001ff60000 : "userdata"
[   13.154174] [PPP] ppp_init disable ppp debug msg
[   13.154327] PPP generic driver version 2.4.2
[   13.155334] PPP Deflate Compression module registered
[   13.155456] PPP BSD Compression module registered
[   13.158752] PPP MPPE Compression module registered
[   13.158996] NET: Registered protocol family 24
[   13.162780] tun: Universal TUN/TAP device driver, 1.6
[   13.163024] tun: (C) 1999-2004 Max Krasnyansky <maxk@qualcomm.com>
[   13.164184] rmnet_init: SMD devices[8]
[   13.175598] [USB] msm_otg probe
[   13.175994] [CLK] clk_set_rate: failed to set clk: USB_HS_CLK, rate=60000000, flags=0x0, rc=-5
[   13.176391] [USB] OTG regs = db812000
[   13.177978] [USB] ci13xxx_msm_probe
[   13.178222] [USBH] peripheral driver registered w/ tranceiver
[   13.178680] [USBH] msm_otg_sm_work: state:UNDEFINED bit:0x00000000
[   13.178802] [USB] OTG_STATE_UNDEFINED state
[   13.179046] [USBH] msm_otg_reset
[   13.181732] msm_hsusb msm_hsusb: [usb_gadget_probe_driver] hw_ep_max = 32
[   13.182617] [USB] android_init_functions rndis init
[   13.183197] [USB] android_init_functions accessory init
[   13.184204] [USB] android_init_functions mtp init
[   13.184600] [USB] android_init_functions ptp init
[   13.185424] android_usb gadget: Mass Storage Function, version: 2009/09/11
[   13.185668] android_usb gadget: Number of LUNs=3
[   13.185821]  lun0: LUN: removable file: (no medium)
[   13.186065]  lun1: LUN: removable file: (no medium)
[   13.186187]  lun2: LUN: removable read only CD-ROM file: (no medium)
[   13.186492] [USB] android_init_functions mass_storage init
[   13.187042] [USB] android_init_functions adb init
[   13.187561] [USB] android_init_functions diag init
[   13.187866] [USB] android_init_functions modem init
[   13.188171] [USB] android_init_functions serial init
[   13.188995] [USB] android_init_functions projector init
[   13.189300] android_usb gadget: android_usb ready
[   13.191101] bravo_ts_power: power 1
[   13.202239] [USBH] phy_reset: success
[   13.310272] [USBH] ulpi: write 0x0c to 0x31
[   13.310516] [USBH] ulpi: write 0x30 to 0x32
[   13.310638] [USBH] ulpi: write 0x1d to 0x0d
[   13.310760] [USBH] ulpi: write 0x1d to 0x10
[   13.311065] [USB] OTG_STATE_B_IDLE state
[   13.311187] [USBH] b_sess_vld
[   13.340545] msm_i2c msm_i2c.0: [MSM I2C Err] status = 0x63C8, addr = 0x40, flags = 0x00, last_addr = 40, reg = 0xE4, last_reg = 0xF4, last_flag = 0x00, cnt = 1, pos = 0
[   13.340942] msm_i2c msm_i2c.0: (0080) Error during data xfer (-5) (E4, 00)
[   13.410522] [USBH] msm_chg_detect_work: state:CHG_STATE_UNDEFINED
[   13.450561] synaptics_ts_probe: Product Major Version 1
[   13.451293] synaptics_ts_probe: Product Minor Version 1
[   13.452148] synaptics_ts_probe: product property 2
[   13.452911] synaptics_ts_probe: device control 81
[   13.453765] synaptics_ts_probe: interrupt enable 1
[   13.455841] synaptics_ts_probe: 0xe0: 1 1 1 2 1 1 0 1
[   13.457244] synaptics_ts_probe: Sensor properties 701
[   13.460968] synaptics_ts_probe: max_x 4050, max_y 6822
[   13.461120] synaptics_ts_probe: inactive_x -8 -8, inactive_y -42 -42
[   13.461334] synaptics_ts_probe: snap_x 0-0 0-0, snap_y 0-0 0-0
[   13.462127] input: synaptics-rmi-touchscreen as /devices/virtual/input/input1
[   13.464019] synaptics_ts_probe: Start touchscreen synaptics-rmi-touchscreen in interrupt mode
[   13.464813] capella_cm3602_probe: probe
[   13.465484] input: proximity as /devices/virtual/input/input2
[   13.467315] capella_cm3602_setup
[   13.467498] capella_cm3602_setup: gpio 120 request failed (-16)
[   13.471618] capella_cm3602: probe of capella_cm3602 failed with error -16
[   13.472900] GPIO Matrix Keypad Driver: Start keypad matrix for bravo-keypad in interrupt mode
[   13.473663] GPIO Input Driver: Start gpio inputs for bravo-keypad in interrupt mode
[   13.474517] input: bravo-keypad as /devices/virtual/input/input3
[   13.476470] input: lightsensor-level as /devices/virtual/input/input4
[   13.477264] lightsensor_probe: request_irq(325) failed for (-22)
[   13.477416] lightsensor_microp: probe of lightsensor_microp.0 failed with error -22
[   13.478088] using input dev h2w headset for key reset
[   13.478271] using input dev bravo-keypad for key reset
[   13.478973] gpio_keys_scan_keys: key 1-74, 0 (94) changed to 0
[   13.479766] input: curcial-oj as /devices/virtual/input/input5
[   13.480377] using input dev curcial-oj for key reset
[   13.482391] curcial_oj_poweron: OJ power enable(1)
[   13.494201] microp_oj_interrupt_mode: microp_interrupt_enable called
[   13.494354] microp_spi_vote_enable: Changing OJ interrupt mode [1]
[   13.496276] microp_spi_vote_enable: already in voted state, [spi_device 4,enable 1], [spi_status 1, spi_devices_vote 5]
[   13.498168] curcial_oj_shutdown
[   13.510437] [USBH] msm_chg_detect_work: state:CHG_WAIT_FOR_DCD
[   13.539428] OpticalJoystick Device ID: 0d
[   13.542816] OJ Driver: Revision : 02
[   13.545898] request_irq failed
[   13.547546] microp_oj_interrupt_mode: microp_interrupt_disable called
[   13.547790] microp_spi_vote_enable: Changing OJ interrupt mode [0]
[   13.549713] microp_spi_vote_enable: already in voted state, [spi_device 4,enable 0], [spi_status 1, spi_devices_vote 1]
[   13.551757] curcial_oj_poweron: OJ power enable(0)
[   13.552429] curcial_oj: probe of curcial_oj failed with error -12
[   13.553863] RTC Registering with rs30000048
[   13.556579] msm_rpc_client_req: RPC call was not successful (3)
[   13.556762] msmrtc_setup_cb: RPC client registration for PROC:12 failed
[   13.557006] rs30000048 rs30000048.65536: msmrtc_probe: Could not initialize RPC callback
[   13.558654] msmrtc_tod_proc_result: 01/18/1980 11:45:22 (04)
[   13.560455] using rtc device, msm_rtc, for alarms
[   13.560729] rs30000048 rs30000048.65536: rtc core: registered msm_rtc as rtc0
[   13.561981] msmrtc_tod_proc_result: 01/18/1980 11:45:22 (04)
[   13.562500] rs30000048 rs30000048.65536: rtc core: registered msm_rtc_secure as rtc1
[   13.563659] lirc_dev: IR Remote Control driver registered, major 246 
[   13.563995] IR NEC protocol handler initialized
[   13.564117] IR RC5(x) protocol handler initialized
[   13.564361] IR RC6 protocol handler initialized
[   13.564514] IR JVC protocol handler initialized
[   13.564758] IR Sony protocol handler initialized
[   13.564880] IR RC5 (streamzap) protocol handler initialized
[   13.565124] IR LIRC bridge handler initialized
[   13.566284] sctrl.node 0
[   13.566406] s5k3e2fx_sensor_probe
[   13.609954] [USBH] msm_chg_detect_work: state:CHG_WAIT_FOR_DCD
[   13.710357] [USBH] msm_chg_detect_work: state:CHG_WAIT_FOR_DCD
[   13.810028] [USBH] msm_chg_detect_work: state:CHG_WAIT_FOR_DCD
[   13.910034] [USBH] msm_chg_detect_work: state:CHG_WAIT_FOR_DCD
[   14.010040] [USBH] msm_chg_detect_work: state:CHG_WAIT_FOR_DCD
[   14.050445] [USBH] msm_chg_detect_work: state:CHG_DCD_DONE
[   14.050598] [USBH] msm_chg_detect_work: state:CHG_DETECTED
[   14.050750] [USBH] chg_type = USB_SDP_CHARGER
[   14.051055] [USBH] msm_otg_sm_work: state:b_idle bit:0x00000003
[   14.051300] [USB] OTG_STATE_B_IDLE state
[   14.051452] [USBH] b_sess_vld
[   14.051574] [USBH] Avail curr from USB = 500
[   14.051788] [USBH] gadget on
[   14.051971] [USB] CI13XXX_CONTROLLER_RESET_EVENT received
[   14.052429] [USBH] send connect type -1
[   14.052581] [BATT] peripheral_cable_update(1) from_owe=0
[   14.052734] [BATT] err:Update SMEM: allocate fail at 1923140668 (1970-01-01 00:00:01.922774498 UTC)
[   14.180358] [USB] android_enable_function: mass_storage enabled
[   14.180603] [USB] android_enable_function: adb enabled
[   14.180725] [USB] android_bind_enabled_functions bind name: mass_storage
[   14.180999] [USB] android_bind_enabled_functions bind name: adb
[   14.181121] adb_bind_config
[   14.181579] [USB] ci13xxx_pullup: 1
[   14.181732] [USB] android_usb_init_work: ret: 0
[   14.184753] [USB] suspend
[   14.202270] s5k3e2fx:kobject creat and add
[   14.202545] s5k3e2fx:sysfs_create_file
[   14.204681] Driver for 1-wire Dallas network protocol.
[   14.206329] msm_i2c msm_i2c.0: [MSM I2C Err] status = 0x63C8, addr = 0x18, flags = 0x00, last_addr = 18, reg = 0xC3, last_reg = 0x00, last_flag = 0x01, cnt = 0, pos = 2
[   14.206634] msm_i2c msm_i2c.0: (0030) Error during data xfer (-5) (C3, 00)
[   14.210723] device-mapper: uevent: version 1.0.3
[   14.211822] device-mapper: ioctl: 4.20.0-ioctl (2011-02-02) initialised: dm-devel@redhat.com
[   14.212188] Bluetooth: HCI UART driver ver 2.2
[   14.212310] Bluetooth: HCI H4 protocol initialized
[   14.212554] Bluetooth: HCILL protocol initialized
[   14.216430] mmc0: Qualcomm MSM SDCC-core at 0x00000000a0300000 irq 24,0 dma 8 dmacrcri 6
[   14.216705] mmc0: Platform slot type: Unknown type
[   14.217102] mmc0: 8 bit data mode disabled
[   14.217346] mmc0: 4 bit data mode disabled
[   14.217620] mmc0: polling status mode disabled
[   14.217987] mmc0: MMC clock 144000 -> 49152000 Hz, PCLK 64000000 Hz
[   14.218475] mmc0: Slot eject status = 1
[   14.218841] mmc0: Power save feature enable = 1
[   14.219238] mmc0: DM non-cached buffer at ffd80000, dma_addr 0x35fc0000
[   14.219726] mmc0: DM cmd busaddr 0x35fc0000, cmdptr busaddr 0x35fd7f40
[   14.226287] mmc1: Qualcomm MSM SDCC-core at 0x00000000a0400000 irq 26,0 dma 8 dmacrcri 7
[   14.226440] mmc1: Platform slot type: Unknown type
[   14.226928] mmc1: 8 bit data mode disabled
[   14.227691] mmc1: 4 bit data mode disabled
[   14.227935] mmc1: polling status mode disabled
[   14.228088] mmc1: MMC clock 144000 -> 49152000 Hz, PCLK 64000000 Hz
[   14.228485] mmc1: Slot eject status = 0
[   14.228973] mmc1: Power save feature enable = 1
[   14.229217] mmc1: DM non-cached buffer at ffd60000, dma_addr 0x35fe0000
[   14.229492] mmc1: DM cmd busaddr 0x35fe0000, cmdptr busaddr 0x35ff7f40
[   14.244537] logger: created 256K log 'log_main'
[   14.245758] logger: created 256K log 'log_events'
[   14.246795] logger: created 256K log 'log_radio'
[   14.247833] logger: created 256K log 'log_system'
[   14.251495] zram: num_devices not specified. Using default: 1
[   14.251739] zram: Creating 1 devices ...
[   14.258026] GACT probability NOT on
[   14.258300] Mirror/redirect action on
[   14.258453] u32 classifier
[   14.258697]     Actions configured
[   14.259643] Netfilter messages via NETLINK v0.30.
[   14.261016] nf_conntrack version 0.5.0 (5049 buckets, 20196 max)
[   14.271820] ctnetlink v0.93: registering with nfnetlink.
[   14.279022] NF_TPROXY: Transparent proxy support initialized, version 4.1.0
[   14.281585] NF_TPROXY: Copyright (c) 2006-2007 BalaBit IT Ltd.
[   14.283599] xt_time: kernel timezone is -0000
[   14.284606] ip_tables: (C) 2000-2006 Netfilter Core Team
[   14.285369] arp_tables: (C) 2002 David S. Miller
[   14.285949] TCP cubic registered
[   14.287963] NET: Registered protocol family 10
[   14.327667] Mobile IPv6
[   14.328582] ip6_tables: (C) 2000-2006 Netfilter Core Team
[   14.330932] IPv6 over IPv4 tunneling driver
[   14.340423] NET: Registered protocol family 17
[   14.340698] NET: Registered protocol family 15
[   14.341369] Bridge firewalling registered
[   14.341766] ######## bthid_init: ########
[   14.342254] ######## bthid_init: done ########
[   14.342407] lib80211: common routines for IEEE802.11 drivers
[   14.342773] lib80211_crypt: registered algorithm 'NULL'
[   14.342895] VFP support v0.3: implementor 51 architecture 64 part 0f variant 0 rev 1
[   14.343322] ThumbEE CPU extension supported.
[   14.376800] clock_late_init() disabled 27 unused clocks
[   14.378753] [Port list] init()
[   14.378906] [Port list] Virtual Address for port_list: [f81b2790]
[   14.379150] [Port list] Physical Address for port_list: [1B2790]
[   14.384765] bravo_wifi_init: start
[   14.394226] regulator_init_complete: ldo2: incomplete constraints, leaving on
[   14.395599] regulator_init_complete: ldo1: incomplete constraints, leaving on
[   14.396942] regulator_init_complete: dcdc3: incomplete constraints, leaving on
[   14.398345] regulator_init_complete: dcdc2: incomplete constraints, leaving on
[   14.400115] regulator_init_complete: dcdc1: incomplete constraints, leaving on
[   14.403015] msmrtc_tod_proc_result: 01/18/1980 11:45:23 (04)
[   14.403167] rs30000048 rs30000048.65536: setting system clock to 1980-01-18 11:45:23 UTC (317043923)
[   14.405120] BUG: key d5461a8c not in .data!
[   14.405273] ------------[ cut here ]------------
[   14.405487] WARNING: at kernel/lockdep.c:2885 lockdep_init_map+0x104/0x4cc()
[   14.405761] Modules linked in:
[   14.406097] Backtrace: 
[   14.406646] [<c0040460>] (dump_backtrace+0x0/0x110) from [<c0465a4c>] (dump_stack+0x18/0x1c)
[   14.407012]  r6:c054aeca r5:00000b45 r4:00000000 r3:00000000
[   14.407806] [<c0465a34>] (dump_stack+0x0/0x1c) from [<c008848c>] (warn_slowpath_common+0x54/0x6c)
[   14.408020] [<c0088438>] (warn_slowpath_common+0x0/0x6c) from [<c00884c8>] (warn_slowpath_null+0x24/0x2c)
[   14.408233]  r8:d5461a80 r7:d545ff60 r6:00000000 r5:d5461a8c r4:d5469d88
[   14.409271] r3:00000009
[   14.409881] [<c00884a4>] (warn_slowpath_null+0x0/0x2c) from [<c00b15e4>] (lockdep_init_map+0x104/0x4cc)
[   14.410186] [<c00b14e0>] (lockdep_init_map+0x0/0x4cc) from [<c0150bd4>] (sysfs_add_file_mode+0x58/0xb8)
[   14.410552] [<c0150b7c>] (sysfs_add_file_mode+0x0/0xb8) from [<c015351c>] (internal_create_group+0x11c/0x19c)
[   14.410797]  r6:d5469d00 r5:d545ff40 r4:00000000
[   14.411590] [<c0153400>] (internal_create_group+0x0/0x19c) from [<c01535d0>] (sysfs_create_group+0x18/0x1c)
[   14.411773] [<c01535b8>] (sysfs_create_group+0x0/0x1c) from [<c00101d4>] (msm_pm_init+0x2b4/0x49c)
[   14.412170] [<c000ff20>] (msm_pm_init+0x0/0x49c) from [<c003737c>] (do_one_initcall+0xa0/0x174)
[   14.412536] [<c00372dc>] (do_one_initcall+0x0/0x174) from [<c00083e8>] (kernel_init+0x78/0x120)
[   14.412780]  r9:00000000 r8:00000000 r7:00000013 r6:c008bb10 r5:c0031c14
[   14.413543] r4:c003253c
[   14.414093] [<c0008370>] (kernel_init+0x0/0x120) from [<c008bb10>] (do_exit+0x0/0x648)
[   14.414245]  r5:c0008370 r4:00000000
[   14.414978] ---[ end trace 9068122e958d62bd ]---
[   14.415252] BUG: key d5461aa8 not in .data!
[   14.415435] BUG: key d5461ac4 not in .data!
[   14.415618] BUG: key d5461ae0 not in .data!
[   14.415771] BUG: key d5461b0c not in .data!
[   14.416046] BUG: key d5461b28 not in .data!
[   14.416290] BUG: key d5461b44 not in .data!
[   14.416412] BUG: key d5461b60 not in .data!
[   14.416656] BUG: key d5461b8c not in .data!
[   14.416931] BUG: key d5461ba8 not in .data!
[   14.417083] BUG: key d5461bc4 not in .data!
[   14.417297] BUG: key d5461be0 not in .data!
[   14.417602] BUG: key d5461c0c not in .data!
[   14.417846] BUG: key d5461c28 not in .data!
[   14.418212] BUG: key d5461c44 not in .data!
[   14.418395] BUG: key d5461c60 not in .data!
[   14.418548] Acquire 'boot-time' no_halt_lock 60s
[   14.419006] Warning: unable to open an initial console.
[   14.419647] Freeing init memory: 188K
[   14.430175] init (1): /proc/1/oom_adj is deprecated, please use /proc/1/oom_score_adj instead.
[   14.489166] mmc1: host does not support reading read-only switch. assuming write-enable.
[   14.495239] mmc1: new high speed SDHC card at address e624
[   14.499755] mmcblk0: mmc1:e624 SU04G 3.69 GiB 
[   14.507781]  mmcblk0: p1
[   14.537506] [USB] reset
[   14.537719] [USBH] send connect type 1
[   14.537933] [BATT] peripheral_cable_update(1) from_owe=0
[   14.538055] [BATT] err:Update SMEM: allocate fail at 2408259861 (1980-01-18 11:45:23.634838529 UTC)
[   14.538452] [HTC_BATT] cable change to 1
[   14.538574] [BATT] ds2784_notify: 0 1 at 2408686795 (1980-01-18 11:45:23.635356949 UTC)
[   14.538879] [BATT] charger ON (SLOW) at 2408900262 (1980-01-18 11:45:23.635661902 UTC)
[   14.539764] [USB] portchange USB_SPEED_HIGH
[   14.608215] [USB] USB_STATE=CONNECTED
[   14.611755] [USB] reset
[   14.614013] [USB] portchange USB_SPEED_HIGH
[   14.665496] **********************************************
[   14.665710] [BATT-DEBUG]: CHECKING IF BATTERY IS SUPPORTED
[   14.665832] [HTC_BATT]Setting Full mAh values of Stock Battery
[   14.666015] [HTC_BATT]Full mAh value set as 1500
[   14.666168] [HTC_BATT]Extended Battery was not detected within BattInfo check
[   14.666351] [HTC_BATT]RSNSP=67,RARC=100,Vol=4157mV,Current=1mA,Temp=310C(1/10)
[   14.666473] [BATT] ds2784_notify: 1 100 at 2536540009 (1980-01-18 11:45:23.763179615 UTC)
[   14.666992] [BATT] power_supply_changed: battery at 2536967048 (1980-01-18 11:45:23.763698162 UTC)
[   14.667327] batt: charging SLOW
[   14.697723] keychord: using input dev h2w headset for fevent
[   14.697937] keychord: using input dev bravo-keypad for fevent
[   14.698059] keychord: using input dev curcial-oj for fevent
[   14.701354] android_usb gadget: high speed config #1: android
[   14.701812] [USB] USB_STATE=CONFIGURED
[   14.702087] [USB] set usb_connect2pc = 1
[   14.705596] yaffs: dev is 32505859 name is "mtdblock3" rw
[   14.705718] yaffs: passed flags ""
[   14.705932] yaffs: Attempting MTD mount of 31.3,"mtdblock3"
[   14.934997] yaffs: yaffs_read_super: is_checkpointed 1
[   14.935668] yaffs: dev is 32505861 name is "mtdblock5" rw
[   14.935852] yaffs: passed flags ""
[   14.935974] yaffs: Attempting MTD mount of 31.5,"mtdblock5"
[   15.157928] yaffs: block 486 is bad
[   23.668853] yaffs: yaffs_read_super: is_checkpointed 0
[   23.669494] yaffs: dev is 32505860 name is "mtdblock4" rw
[   23.669891] yaffs: passed flags ""
[   23.670135] yaffs: Attempting MTD mount of 31.4,"mtdblock4"
[   23.673553] yaffs: yaffs_read_super: is_checkpointed 1
[   24.930725] init: service 'console' requires console
[   24.934875] [USB] enable_store, buff: 0
[   24.935150] [USB] bDeviceClass_store: 0
[   25.076293] adb_open: adbd(parent:init): tgid=132
[   25.224029] warning: `rild' uses 32-bit capabilities (legacy support in use)
[   26.034515] msmfb: pan_update in state(1)
[   26.034515] msmfb: full update starting
[   26.081237] msmfb: full update completed
[   26.081420] msmfb: turning on panel
[   26.081604] lcdc_unblank: ()
[   26.081726] sony_tft_panel_unblank: +()
[   26.081817] sony_tft_panel_unblank: -() already unblanked
[   27.157684] htc-acoustic: open
[   27.173187] htc-acoustic: release
[   31.500213] NAND boot, writing additional init commands to /dev/smd0
[   34.966705] lightsensor_ioctl get enabled status: 0
[   36.239715] audio: init: codecs
[   36.345092] dal_attach: status = 0, name = 'DAL_AQ_AUD'
[   36.345214] audio: init: INIT
[   36.345550] audio: init: OPEN control
[   36.732269] audio: init: attach ACDB
[   36.841186] dal_attach: status = 0, name = 'DAL_AM_AUD'
[   36.841308] audio: init: attach ADIE
[   36.841766] dal_attach: status = 0, name = 'DAL_AM_AUD'
[   36.841888] pmic_rpc_req_reply: successfully connected to 0x10001 rpc version
[   36.856781] acdb: load 'default.acdb'
[   36.884399] acdb: 588 bytes for device 607, rate 48000.
[   36.898986] acdb: 871 bytes for device 507, rate 8000.
[   39.159912] [BATT-DEBUG: DISPLAYING ADDITIONAL BATTERY INFO]
[   39.160095] [BATT-DEBUG]: Batt ID:1 Batt_vol:4157 Batt_temp:310
[   39.160217] [BATT-DEBUG]: Batt_level:100 Batt_charging_source: 1 Batt_enabled: 1 Full_bat: 1459
[   39.160552] [BATT-DEBUG: DISPLAYING ADDITIONAL BATTERY INFO]
[   39.160675] [BATT-DEBUG]: Batt ID:1 Batt_vol:4157 Batt_temp:310
[   39.161071] [BATT-DEBUG]: Batt_level:100 Batt_charging_source: 1 Batt_enabled: 1 Full_bat: 1459
[   39.169982] request_suspend_state: wakeup (3->0) at 27039171364 (1980-01-18 11:45:48.251046882 UTC)
[   40.081665] acc_open
[   40.081695] acc_release
[   40.311950] lightsensor_ioctl set value = 1
[   40.312072] lightsensor_enable
[   40.313964] microp_write_interrupt: microp_interrupt_enable called
[   40.344848] sony_tft_set_pwm_val: 102
[   40.361572] sony_tft_set_pwm_val: 99
[   40.402587] sony_tft_set_pwm_val: 92
[   40.432434] sony_tft_set_pwm_val: 88
[   40.433319] sony_tft_set_pwm_val: 85
[   40.466308] sony_tft_set_pwm_val: 78
[   40.483184] sony_tft_set_pwm_val: 74
[   40.502899] sony_tft_set_pwm_val: 70
[   40.519744] sony_tft_set_pwm_val: 67
[   40.536987] sony_tft_set_pwm_val: 64
[   40.553100] sony_tft_set_pwm_val: 60
[   40.568176] sony_tft_set_pwm_val: 57
[   40.607757] sony_tft_set_pwm_val: 50
[   40.626953] sony_tft_set_pwm_val: 46
[   40.652435] sony_tft_set_pwm_val: 41
[   40.663940] sony_tft_set_pwm_val: 40
[   52.312957] SysRq : Emergency Remount R/O
[   52.317169] Emergency Remount complete
[   52.414123] msm_reboot_call: code 1, cmd recovery
[   52.414428] msmfb_shutdown
[   52.414550] lcdc_blank: ()
[   52.414733] sony_tft_panel_blank: +()
[   52.415954] mdp irq already on 4000 4000
[   52.415985] mdp_dma: busy
[   52.711547] sony_tft_panel_blank: -()
[   52.711547] lcdc_shutdown: ()
[   52.711791] [USB] ci13xxx_pullup: 0
[   52.711975] [USB] adb_complete_out: err (-108)
[   52.712249] adb_release: adbd(parent:init): tgid=132
[   52.712768] adb_open: adbd(parent:init): tgid=132
[   52.713653] adbd(parent:init): Restarting system with command 'recovery'.
[   52.713653] msm_pm_restart: restart_reason 0x77665502, cmd recovery
[   52.713684] 
[   52.713684] Restarting Linux version 3.0.16-evervolv-turba-jellybean+ (nikez@Perfection) (gcc version 4.4.1 (Sourcery G++ Lite 2010q1-188) ) #1 PREEMPT Tue Jun 4 12:11:07 CEST 2013
[   52.713714] 
[   52.817321] msm_restart: Console was locked!
[   52.817535] DPRINT_INT_CTRL_REGS:
[   52.817535] 
[   52.817749]     VIC_INT_SELECT0(0xF8000000) : 0x0
[   52.817932]     VIC_INT_SELECT1(0xF8000004) : 0x80000000
[   52.818054]         VIC_INT_EN0(0xF8000010) : 0x45002A1
[   52.818237]         VIC_INT_EN1(0xF8000014) : 0x84000000
[   52.818359]    VIC_INT_ENCLEAR0(0xF8000020) : 0x0
[   52.818450]    VIC_INT_ENCLEAR1(0xF8000024) : 0x0
[   52.818664]      VIC_INT_ENSET0(0xF8000030) : 0x0
[   52.818756]      VIC_INT_ENSET1(0xF8000034) : 0x0
[   52.818969]       VIC_INT_TYPE0(0xF8000040) : 0x4001A1
[   52.819061]       VIC_INT_TYPE1(0xF8000044) : 0x4
[   52.819274]   VIC_INT_POLARITY0(0xF8000050) : 0x0
[   52.819366]   VIC_INT_POLARITY1(0xF8000054) : 0x0
[   52.819488]     VIC_NO_PEND_VAL(0xF8000060) : 0xFFFFFFFF
[   52.819671]    VIC_INT_MASTEREN(0xF8000064) : 0xFFFFFFFF
[   52.819793]      VIC_PROTECTION(0xF800006C) : 0x0
[   52.819976]          VIC_CONFIG(0xF8000068) : 0x3
[   52.820098]     VIC_IRQ_STATUS0(0xF8000080) : 0x0
[   52.820281]     VIC_IRQ_STATUS1(0xF8000084) : 0x0
[   52.820404]     VIC_FIQ_STATUS0(0xF8000090) : 0x0
[   52.820526]     VIC_FIQ_STATUS1(0xF8000094) : 0x0
[   52.820709]     VIC_RAW_STATUS0(0xF80000A0) : 0x10000000
[   52.820831]     VIC_RAW_STATUS1(0xF80000A4) : 0xC2000
[   52.821014]      VIC_INT_CLEAR0(0xF80000B0) : 0x0
[   52.821136]      VIC_INT_CLEAR1(0xF80000B4) : 0x0
[   52.821319]        VIC_SOFTINT0(0xF80000C0) : 0x0
[   52.821441]        VIC_SOFTINT1(0xF80000C4) : 0x0
[   52.821533]      VIC_IRQ_VEC_RD(0xF80000D0) : 0x7
[   52.821746] VIC_IRQ_VEC_PEND_RD(0xF80000D4) : 0x7
[   52.821838]      VIC_IRQ_VEC_WR(0xF80000D8) : 0x0
[   52.822052]  VIC_IRQ_IN_SERVICE(0xF80000E0) : 0xFFFFFFFF
[   52.822143]    VIC_IRQ_IN_STACK(0xF80000E4) : 0x0
[   52.822265]    VIC_TEST_BUS_SEL(0xF80000E8) : 0x1
[   52.822448]  VIC_TEST_BUS_SEL_0(0xF8000200) : 0x0
[   52.822570]  VIC_TEST_BUS_SEL_1(0xF8000204) : 0x0
[   52.822753]  VIC_TEST_BUS_SEL_2(0xF8000208) : 0x0
[   52.822875]  VIC_TEST_BUS_SEL_3(0xF800020C) : 0x0
[   52.823089]  VIC_TEST_BUS_SEL_4(0xF8000210) : 0x0
[   52.823181]  VIC_TEST_BUS_SEL_5(0xF8000214) : 0x0
[   52.823303]  VIC_TEST_BUS_SEL_6(0xF8000218) : 0x0
[   52.823486]  VIC_TEST_BUS_SEL_7(0xF800021C) : 0x0
[   52.823608]  VIC_TEST_BUS_SEL_8(0xF8000220) : 0x0
[   52.823791]  VIC_TEST_BUS_SEL_9(0xF8000224) : 0x0
[   52.823913]  VIC_TEST_BUS_SEL_10(0xF8000228) : 0x0
[   52.824035]  VIC_TEST_BUS_SEL_11(0xF800022C) : 0x0
[   52.824218]  VIC_TEST_BUS_SEL_12(0xF8000230) : 0x0
[   52.824340]  VIC_TEST_BUS_SEL_13(0xF8000234) : 0x0
[   52.824523]  VIC_TEST_BUS_SEL_14(0xF8000238) : 0x0
[   52.824645]  VIC_TEST_BUS_SEL_15(0xF800023C) : 0x0
[   52.824829]  VIC_TEST_BUS_SEL_16(0xF8000240) : 0x0
[   52.824951]  VIC_TEST_BUS_SEL_17(0xF8000244) : 0x0
[   52.825042]  VIC_TEST_BUS_SEL_18(0xF8000248) : 0x0
[   52.825256]  VIC_TEST_BUS_SEL_19(0xF800024C) : 0x0
[   52.825347]  VIC_TEST_BUS_SEL_20(0xF8000250) : 0x0
[   52.825561]  VIC_TEST_BUS_SEL_21(0xF8000254) : 0x0
[   52.825653]  VIC_TEST_BUS_SEL_22(0xF8000258) : 0x0
[   52.825866]  VIC_TEST_BUS_SEL_23(0xF800025C) : 0x0
[   52.825958]  VIC_TEST_BUS_SEL_24(0xF8000260) : 0x0
[   52.826080]  VIC_TEST_BUS_SEL_25(0xF8000264) : 0x0
[   52.826293]  VIC_TEST_BUS_SEL_26(0xF8000268) : 0x0
[   52.826385]  VIC_TEST_BUS_SEL_27(0xF800026C) : 0x0
[   52.826599]  VIC_TEST_BUS_SEL_28(0xF8000270) : 0x0
[   52.826690]  VIC_TEST_BUS_SEL_29(0xF8000274) : 0x0
[   52.826812]  VIC_TEST_BUS_SEL_30(0xF8000278) : 0x0
[   52.826995]  VIC_TEST_BUS_SEL_31(0xF800027C) : 0x0
[   52.827117]  VIC_TEST_BUS_SEL_32(0xF8000280) : 0x0
[   52.827301]  VIC_TEST_BUS_SEL_33(0xF8000284) : 0x0
[   52.827423]  VIC_TEST_BUS_SEL_34(0xF8000288) : 0x0
[   52.827606]  VIC_TEST_BUS_SEL_35(0xF800028C) : 0x0
[   52.827728]  VIC_TEST_BUS_SEL_36(0xF8000290) : 0x0
[   52.827850]  VIC_TEST_BUS_SEL_37(0xF8000294) : 0x0
[   52.828033]  VIC_TEST_BUS_SEL_38(0xF8000298) : 0x0
[   52.828155]  VIC_TEST_BUS_SEL_39(0xF800029C) : 0x0
[   52.828338]  VIC_TEST_BUS_SEL_40(0xF80002A0) : 0x0
[   52.828460]  VIC_TEST_BUS_SEL_41(0xF80002A4) : 0x0
[   52.828643]  VIC_TEST_BUS_SEL_42(0xF80002A8) : 0x0
[   52.828765]  VIC_TEST_BUS_SEL_43(0xF80002AC) : 0x0
[   52.828887]  VIC_TEST_BUS_SEL_44(0xF80002B0) : 0x0
[   52.829071]  VIC_TEST_BUS_SEL_45(0xF80002B4) : 0x0
[   52.829193]  VIC_TEST_BUS_SEL_46(0xF80002B8) : 0x0
[   52.829376]  VIC_TEST_BUS_SEL_47(0xF80002BC) : 0x0
[   52.829498]  VIC_TEST_BUS_SEL_48(0xF80002C0) : 0x0
[   52.829589]  VIC_TEST_BUS_SEL_49(0xF80002C4) : 0x0
[   52.829711]  VIC_TEST_BUS_SEL_50(0xF80002C8) : 0x0
[   52.829833]  VIC_TEST_BUS_SEL_51(0xF80002CC) : 0x0
[   52.830017]  VIC_TEST_BUS_SEL_52(0xF80002D0) : 0x0
[   52.830139]  VIC_TEST_BUS_SEL_53(0xF80002D4) : 0x0
[   52.830322]  VIC_TEST_BUS_SEL_54(0xF80002D8) : 0x0
[   52.830444]  VIC_TEST_BUS_SEL_55(0xF80002DC) : 0x0
[   52.830535]  VIC_TEST_BUS_SEL_56(0xF80002E0) : 0x0
[   52.830749]  VIC_TEST_BUS_SEL_57(0xF80002E4) : 0x0
[   52.830841]  VIC_TEST_BUS_SEL_58(0xF80002E8) : 0x0
[   52.831054]  VIC_TEST_BUS_SEL_59(0xF80002EC) : 0x0
[   52.831176]  VIC_TEST_BUS_SEL_60(0xF80002F0) : 0x0
[   52.831359]  VIC_TEST_BUS_SEL_61(0xF80002F4) : 0x0
[   52.831481]  VIC_TEST_BUS_SEL_62(0xF80002F8) : 0x0
[   52.831573]  VIC_TEST_BUS_SEL_63(0xF80002FC) : 0x0
[   52.831787]   VIC_VECTADDR_0(0xF8000400) : 0x0
[   52.831878]   VIC_VECTADDR_1(0xF8000404) : 0x0
[   52.832092]   VIC_VECTADDR_2(0xF8000408) : 0x0
[   52.832183]   VIC_VECTADDR_3(0xF800040C) : 0x0
[   52.832305]   VIC_VECTADDR_4(0xF8000410) : 0x0
[   52.832489]   VIC_VECTADDR_5(0xF8000414) : 0x0
[   52.832611]   VIC_VECTADDR_6(0xF8000418) : 0x0
[   52.832794]   VIC_VECTADDR_7(0xF800041C) : 0x0
[   52.832916]   VIC_VECTADDR_8(0xF8000420) : 0x0
[   52.833007]   VIC_VECTADDR_9(0xF8000424) : 0x0
[   52.833221]   VIC_VECTADDR_10(0xF8000428) : 0x0
[   52.833312]   VIC_VECTADDR_11(0xF800042C) : 0x0
[   52.833526]   VIC_VECTADDR_12(0xF8000430) : 0x0
[   52.833618]   VIC_VECTADDR_13(0xF8000434) : 0x0
[   52.833740]   VIC_VECTADDR_14(0xF8000438) : 0x0
[   52.833923]   VIC_VECTADDR_15(0xF800043C) : 0x0
[   52.834045]   VIC_VECTADDR_16(0xF8000440) : 0x0
[   52.834228]   VIC_VECTADDR_17(0xF8000444) : 0x0
[   52.834350]   VIC_VECTADDR_18(0xF8000448) : 0x0
[   52.834472]   VIC_VECTADDR_19(0xF800044C) : 0x0
[   52.834655]   VIC_VECTADDR_20(0xF8000450) : 0x0
[   52.834777]   VIC_VECTADDR_21(0xF8000454) : 0x0
[   52.834960]   VIC_VECTADDR_22(0xF8000458) : 0x0
[   52.835083]   VIC_VECTADDR_23(0xF800045C) : 0x0
[   52.835174]   VIC_VECTADDR_24(0xF8000460) : 0x0
[   52.835388]   VIC_VECTADDR_25(0xF8000464) : 0x0
[   52.835479]   VIC_VECTADDR_26(0xF8000468) : 0x0
[   52.835693]   VIC_VECTADDR_27(0xF800046C) : 0x0
[   52.835784]   VIC_VECTADDR_28(0xF8000470) : 0x0
[   52.835906]   VIC_VECTADDR_29(0xF8000474) : 0x0
[   52.836090]   VIC_VECTADDR_30(0xF8000478) : 0x0
[   52.836212]   VIC_VECTADDR_31(0xF800047C) : 0x0
[   52.836303]   VIC_VECTADDR_32(0xF8000480) : 0x0
[   52.836425]   VIC_VECTADDR_33(0xF8000484) : 0x0
[   52.836547]   VIC_VECTADDR_34(0xF8000488) : 0x0
[   52.836730]   VIC_VECTADDR_35(0xF800048C) : 0x0
[   52.836853]   VIC_VECTADDR_36(0xF8000490) : 0x0
[   52.836944]   VIC_VECTADDR_37(0xF8000494) : 0x0
[   52.837158]   VIC_VECTADDR_38(0xF8000498) : 0x0
[   52.837249]   VIC_VECTADDR_39(0xF800049C) : 0x0
[   52.837463]   VIC_VECTADDR_40(0xF80004A0) : 0x0
[   52.837554]   VIC_VECTADDR_41(0xF80004A4) : 0x0
[   52.837677]   VIC_VECTADDR_42(0xF80004A8) : 0x0
[   52.837860]   VIC_VECTADDR_43(0xF80004AC) : 0x0
[   52.837982]   VIC_VECTADDR_44(0xF80004B0) : 0x0
[   52.838165]   VIC_VECTADDR_45(0xF80004B4) : 0x0
[   52.838287]   VIC_VECTADDR_46(0xF80004B8) : 0x0
[   52.838378]   VIC_VECTADDR_47(0xF80004BC) : 0x0
[   52.838592]   VIC_VECTADDR_48(0xF80004C0) : 0x0
[   52.838684]   VIC_VECTADDR_49(0xF80004C4) : 0x0
[   52.838897]   VIC_VECTADDR_50(0xF80004C8) : 0x0
[   52.838989]   VIC_VECTADDR_51(0xF80004CC) : 0x0
[   52.839111]   VIC_VECTADDR_52(0xF80004D0) : 0x0
[   52.839294]   VIC_VECTADDR_53(0xF80004D4) : 0x0
[   52.839416]   VIC_VECTADDR_54(0xF80004D8) : 0x0
[   52.839599]   VIC_VECTADDR_55(0xF80004DC) : 0x0
[   52.839721]   VIC_VECTADDR_56(0xF80004E0) : 0x0
[   52.839843]   VIC_VECTADDR_57(0xF80004E4) : 0x0
[   52.840026]   VIC_VECTADDR_58(0xF80004E8) : 0x0
[   52.840148]   VIC_VECTADDR_59(0xF80004EC) : 0x0
[   52.840332]   VIC_VECTADDR_60(0xF80004F0) : 0x0
[   52.840454]   VIC_VECTADDR_61(0xF80004F4) : 0x0
[   52.840545]   VIC_VECTADDR_62(0xF80004F8) : 0x0
[   52.840759]   VIC_VECTADDR_63(0xF80004FC) : 0x0

No errors detected
