[    0.000000] Initializing cgroup subsys cpu
[    0.000000] Linux version 3.0.16-evervolv-turba-jellybean+ (nikez@Perfection) (gcc version 4.4.1 (Sourcery G++ Lite 2010q1-188) ) #1 PREEMPT Sat Apr 20 16:00:04 CEST 2013
[    0.000000] Ignoring unrecognised tag 0x4d534d76
[    0.000000] Partition (from atag) misc -- Offset:ffb Size:5
[    0.000000] Partition (from atag) recovery -- Offset:212 Size:24
[    0.000000] Partition (from atag) boot -- Offset:236 Size:18
[    0.000000] Partition (from atag) system -- Offset:24e Size:7d0
[    0.000000] Partition (from atag) cache -- Offset:a1e Size:140
[    0.000000] Partition (from atag) userdata -- Offset:b5e Size:49d
[    0.000000] Ignoring unrecognised tag 0x5441000a
[    0.000000] CAM_AWB_CAL Data size = 514 , 0x59504550, size = 2048
[    0.000000] Ignoring unrecognised tag 0x41387898
[    0.000000] parse_tag_ps_calibration: ps_kparam1 = 0x0, ps_kparam2 = 0x0
[    0.000000] size_pmem_device: pmem pmem_adsp requests 42991616 bytes dynamically.
[    0.000000] size_pmem_device: pmem pmem requests 33554432 bytes dynamically.
[    0.000000] size_pmem_device: pmem pmem_venc requests 8388608 bytes dynamically.
[    0.000000] size_pmem_device: pmem pmem_audio requests 524288 bytes dynamically.
[    0.000000] reserve_memory_for: reserve 42991616 bytes from memory 3 for pmem_adsp.
[    0.000000] reserve_memory_for: reserve 33554432 bytes from memory 3 for pmem.
[    0.000000] reserve_memory_for: reserve 8388608 bytes from memory 3 for pmem_venc.
[    0.000000] reserve_memory_for: reserve 524288 bytes from memory 3 for pmem_audio.
[    0.000000] memory pool 3 (start 36500000 size 5200000) initialized
[    0.000000] smem_find(137, 72): wrong size 56
[    0.000000] smem_find(137, 64): wrong size 56
[    0.000000] smem_find(137, 64): wrong size 56
[    0.000000] socinfo_init: v2, id=36, ver=2.0, raw_id=576, raw_ver=2
[    0.000000] Kernel command line: board_bravo.disable_uart3=0 board_bravo.usb_h2w_sw=0 board_bravo.disable_sdcard=0 diag.enabled=0 board_bravo.debug_uart=0 smisize=0 userdata_sel=0 androidboot.emmc=false  androidboot.baseband=5.17.05.23 androidboot.cid=HTC__Y13 androidboot.carrier=HTC-Nor androidboot.mid=PB9920000 androidboot.keycaps=qwerty androidboot.mode=normal androidboot.serialno=SH08RPL05562 androidboot.bootloader=6.93.1002 no_console_suspend=1 msmsdcc_sdioirq=1 wire.search_count=5
[    0.000000] board_bootloader_setup: 6.93.1002
[    0.000000] board_bootloader_setup: MFG BUILD
[    0.000000] PID hash table entries: 2048 (order: 1, 8192 bytes)
[    0.000000] Dentry cache hash table entries: 65536 (order: 6, 262144 bytes)
[    0.000000] Inode-cache hash table entries: 32768 (order: 5, 131072 bytes)
[    0.000000] Memory: 232MB 101MB = 333MB total
[    0.000000] Memory: 324048k/324048k available, 100912k reserved, 0K highmem
[    0.000000] Virtual kernel memory layout:
[    0.000000]     vector  : 0xffff0000 - 0xffff1000   (   4 kB)
[    0.000000]     fixmap  : 0xfff00000 - 0xfffe0000   ( 896 kB)
[    0.000000]     DMA     : 0xff000000 - 0xffe00000   (  14 MB)
[    0.000000]     vmalloc : 0xdb800000 - 0xf8000000   ( 456 MB)
[    0.000000]     lowmem  : 0xc0000000 - 0xdb700000   ( 439 MB)
[    0.000000]     modules : 0xbf000000 - 0xc0000000   (  16 MB)
[    0.000000]       .init : 0xc0008000 - 0xc0037000   ( 188 kB)
[    0.000000]       .text : 0xc0037000 - 0xc05c7000   (5696 kB)
[    0.000000]       .data : 0xc05c8000 - 0xc06208e0   ( 355 kB)
[    0.000000]        .bss : 0xc0620904 - 0xc0caaaa8   (6697 kB)
[    0.000000] SLUB: Genslabs=13, HWalign=32, Order=0-3, MinObjects=0, CPUs=1, Nodes=1
[    0.000000] NR_IRQS:293
[    0.000000] sched_clock: 32 bits at 32kHz, resolution 30517ns, wraps every 131071999ms
[    0.000213] Calibrating delay loop... 511.18 BogoMIPS (lpj=2555904)
[    0.050109] pid_max: default: 32768 minimum: 301
[    0.050628] Mount-cache hash table entries: 512
[    0.052734] Initializing cgroup subsys cpuacct
[    0.052764] Initializing cgroup subsys freezer
[    0.052795] Initializing cgroup subsys blkio
[    0.053039] CPU: Testing write buffer coherency: ok
[    0.061187] print_constraints: dummy: 
[    0.061370] rdev_init_debugfs: Error-Bad Function Input
[    0.062011] NET: Registered protocol family 16
[    0.067840] Max ACPU freq from efuse data is 998400 KHz
[    3.025329] ACPU running at 768000 KHz
[    3.025329] 5 scaling frequencies supported.
[    3.027069] ram_console: got buffer at 3a00000, size 40000
[    3.027252] ram_console: found existing buffer, size 33118, start 33118
[    3.193725] console [ram0] enabled
[    3.196441] bravo_init_mmc()+
[    3.197021] bravo_init_mmc()-
[    3.197174] bravo_add_usb_devices rev: 131
[    3.197357] failed to request gpio ulpi_dir
[    3.199981] print_constraints: fs_gfx3d: normal 
[    3.217041] bio: create slab <bio-0> at 0
[    3.218719] msm_i2c_probe
[    3.219024] msm_i2c_probe: clk_ctl 35d, 100000 Hz
[    3.222625] print_constraints: dcdc1: 800 <--> 1350 mV at 1300 mV 
[    3.223114] rdev_init_debugfs: Error-Bad Function Input
[    3.223754] print_constraints: dcdc2: 1260 mV 
[    3.224304] rdev_init_debugfs: Error-Bad Function Input
[    3.224853] print_constraints: dcdc3: 800 <--> 3300 mV at 1800 mV 
[    3.225250] rdev_init_debugfs: Error-Bad Function Input
[    3.226379] print_constraints: ldo1: 1000 <--> 3150 mV at 2800 mV 
[    3.226806] rdev_init_debugfs: Error-Bad Function Input
[    3.227325] print_constraints: ldo2: 3300 mV 
[    3.227905] rdev_init_debugfs: Error-Bad Function Input
[    3.230621] Bluetooth: Core ver 2.16
[    3.230895] NET: Registered protocol family 31
[    3.231048] Bluetooth: HCI device and connection manager initialized
[    3.231323] Bluetooth: HCI socket layer initialized
[    3.232482] cfg80211: Calling CRDA to update world regulatory domain
[    3.233825] Switching to clocksource gp_timer
[    3.236389] [TTY_IO] create tty_wq for smd0
[    3.236938] spi clk = 0x0
[    3.237060] spi: SPI_CONFIG=0
[    3.237182] spi: SPI_IO_CONTROL=0
[    3.237304] spi: SPI_OPERATIONAL=0
[    3.237548] spi: SPI_ERROR_FLAGS_EN=0
[    3.237670] spi: SPI_ERROR_FLAGS=0
[    3.237823] -msm_spi_probe()
[    3.238800] NET: Registered protocol family 2
[    3.239288] IP route cache hash table entries: 4096 (order: 2, 16384 bytes)
[    3.240600] TCP established hash table entries: 16384 (order: 5, 131072 bytes)
[    3.241516] TCP bind hash table entries: 16384 (order: 7, 589824 bytes)
[    3.253143] TCP: Hash tables configured (established 16384 bind 16384)
[    3.253326] TCP reno registered
[    3.253601] UDP hash table entries: 256 (order: 2, 20480 bytes)
[    3.254150] UDP-Lite hash table entries: 256 (order: 2, 20480 bytes)
[    3.255432] NET: Registered protocol family 1
[    3.256317] Unpacking initramfs...
[    3.275085] Freeing initrd memory: 180K
[    3.275543] PMU: registered new PMU device of type 0
[    3.294311] Notify: smsm init
[    3.304534] rpcrouter_smd_remote_notify: smd opened 0x  (null)
[    3.307952] dma_test_init, minor number 49
[    3.309082] Registered led device: flashlight
[    3.309387] [FLT]flashlight_probe: led_count = 0
[    3.309509] [FLT]flashlight_probe: The Flashlight Driver is ready
[    3.310455] htc_battery_init
[    3.310791] Battery Probe
[    3.320098] htc_battery_core_probe
[    3.328063] [BATT-DEBUG: DISPLAYING ADDITIONAL BATTERY INFO]
[    3.328338] [BATT-DEBUG]: Batt ID:0 Batt_vol:0 Batt_temp:0
[    3.328460] [BATT-DEBUG]: Batt_level:0 Batt_charging_source: 0 Batt_enabled: 0 Full_bat: 0
[    3.328704] [BATT] err:smem_alloc fail at 364796066 (1970-01-01 00:00:00.364674077 UTC)
[    3.329101] [BATT] htc_cable_status_update: 0 -> 0
[    3.331237] mdp_probe: initialized
[    3.331604] spi: SPI_CONFIG=88
[    3.331756] spi: SPI_IO_CONTROL=401
[    3.331878] spi: SPI_OPERATIONAL=85
[    3.332000] spi: SPI_ERROR_FLAGS_EN=7f
[    3.332244] spi: SPI_ERROR_FLAGS=7f
[    3.332366] -bravo_init_spi_hack()
[    3.332550] bravo_init_panel: tft panel
[    3.333435] Registered led device: lcd-backlight
[    3.345489] RPC_TIME_TOD_SET_APPS_BASES:
[    3.345489] 	tick = 474653
[    3.345489] 	stamp = 4294967295
[    3.349914] bravo-microp 0-0066: microp version [05][1D]
[    3.350402] Registered led device: green
[    3.351104] Registered led device: amber
[    3.351531] Registered led device: blue
[    3.351898] Registered led device: button-backlight
[    3.352569] H2W: htc_35mm_jack driver register
[    3.354644] input: h2w headset as /devices/virtual/input/input0
[    3.360748] microp_spi_vote_enable: Changing SPI [1]
[    3.385192] i2c-core: driver [bravo-microp] using legacy suspend method
[    3.385467] i2c-core: driver [bravo-microp] using legacy resume method
[    3.385864] tpa2018d1_init
[    3.386230] i2c-core: driver [tpa2018d1] using legacy suspend method
[    3.386352] i2c-core: driver [tpa2018d1] using legacy resume method
[    3.395477] ashmem: initialized
[    3.417785] fuse init (API version 7.16)
[    3.418945] yaffs: yaffs built Apr 20 2013 15:58:59 Installing.
[    3.425689] io scheduler noop registered
[    3.425811] io scheduler deadline registered
[    3.426544] io scheduler cfq registered
[    3.427185] io scheduler bfq registered (default)
[    3.427429] start plist test
[    3.443511] end plist test
[    3.447143] [CLK] clk_set_rate: failed to set clk: MDP_LCDC_PAD_PCLK_CLK, rate=24576000, flags=0x200, rc=-5
[    3.448272] setup_fb_info msmfb->xres 480, msmfb->yres 800
[    3.448974] msmfb_probe() installing 480 x 800 panel
[    3.450469] load_565rle_image: Can not open /logo.rle
[    3.450653] mdp_lcdc_probe: initialized
[    3.452148] msm_serial: detected port #0
[    3.452728] msm_serial.0: ttyMSM0 at MMIO 0xa9a00000 (irq = 229) is a MSM
[    3.454498] msm_serial: driver initialized
[    3.455810] msm_serial_hs_init failed to load
[    3.457092] [BT]msm_serial_hs module loaded
[    3.459808] kgsl kgsl-3d0: |kgsl_gpummu_init| MMU type set for device is GPUMMU
[    3.469329] loop: module loaded
[    3.469726] pmem: Initializing pmem as cached
[    3.470611] allocating 33554432 bytes at 36500000 physical for pmem
[    3.470947] pmem: Initializing pmem_adsp as cached
[    3.471496] allocating 42991616 bytes at 38500000 physical for pmem_adsp
[    3.471832] pmem: Initializing pmem_audio as non-cached
[    3.472351] allocating 524288 bytes at 3ae00000 physical for pmem_audio
[    3.472656] pmem: Initializing pmem_venc as cached
[    3.473175] allocating 8388608 bytes at 3ae80000 physical for pmem_venc
[    3.473663] Error: Driver 'tps65023' is already registered, aborting...
[    3.475830] msm_nand_probe: phys addr 0xa0a00000 
[    3.475982] msm_nand_probe: dmac 0x7
[    3.476257] msm_nand_probe: allocated dma buffer at ffdb2000, dma_addr 36314000
[    3.477203] ONFI probe : Found a nonONFI Compliant device 
[    3.477569] status: c00020
[    3.477691] nandid: 5500bcec maker ec device bc
[    3.477874] Found a supported NAND device
[    3.478118] NAND Id  : 0x5500bcec
[    3.478240] Buswidth : 16 Bits
[    3.478363] Density  : 512 MByte
[    3.478607] Pagesize : 2048 Bytes
[    3.478729] Erasesize: 131072 Bytes
[    3.478851] Oobsize  : 64 Bytes
[    3.479095] CFG0 Init  : 0xa85408c0
[    3.479217] CFG1 Init  : 0x0004745e
[    3.479370] ECCBUFCFG  : 0x00000203
[    3.479492] Creating 6 MTD partitions on "msm_nand":
[    3.479736] 0x00001ff60000-0x000020000000 : "misc"
[    3.484375] 0x000004240000-0x0000046c0000 : "recovery"
[    3.491729] 0x0000046c0000-0x0000049c0000 : "boot"
[    3.497497] 0x0000049c0000-0x0000143c0000 : "system"
[    3.775207] 0x0000143c0000-0x000016bc0000 : "cache"
[    3.821655] 0x000016bc0000-0x00001ff60000 : "userdata"
[    3.987243] [PPP] ppp_init disable ppp debug msg
[    3.987365] PPP generic driver version 2.4.2
[    3.988281] PPP Deflate Compression module registered
[    3.988525] PPP BSD Compression module registered
[    3.991943] PPP MPPE Compression module registered
[    3.992187] NET: Registered protocol family 24
[    3.995880] tun: Universal TUN/TAP device driver, 1.6
[    3.996032] tun: (C) 1999-2004 Max Krasnyansky <maxk@qualcomm.com>
[    3.997314] rmnet_init: SMD devices[8]
[    4.008636] [USB] msm_otg probe
[    4.009124] [CLK] clk_set_rate: failed to set clk: USB_HS_CLK, rate=60000000, flags=0x0, rc=-5
[    4.009399] [USB] OTG regs = db812000
[    4.011108] [USB] ci13xxx_msm_probe
[    4.011352] [USBH] peripheral driver registered w/ tranceiver
[    4.011688] [USBH] msm_otg_sm_work: state:UNDEFINED bit:0x00000000
[    4.011932] [USB] OTG_STATE_UNDEFINED state
[    4.012054] [USBH] msm_otg_reset
[    4.014282] msm_hsusb msm_hsusb: [usb_gadget_probe_driver] hw_ep_max = 32
[    4.015350] [USB] android_init_functions rndis init
[    4.016021] [USB] android_init_functions accessory init
[    4.016876] [USB] android_init_functions mtp init
[    4.017272] [USB] android_init_functions ptp init
[    4.018127] android_usb gadget: Mass Storage Function, version: 2009/09/11
[    4.018371] android_usb gadget: Number of LUNs=3
[    4.018524]  lun0: LUN: removable file: (no medium)
[    4.018646]  lun1: LUN: removable file: (no medium)
[    4.018890]  lun2: LUN: removable read only CD-ROM file: (no medium)
[    4.019073] [USB] android_init_functions mass_storage init
[    4.019744] [USB] android_init_functions adb init
[    4.020141] [USB] android_init_functions diag init
[    4.020538] [USB] android_init_functions modem init
[    4.020874] [USB] android_init_functions serial init
[    4.021667] [USB] android_init_functions projector init
[    4.021972] android_usb gadget: android_usb ready
[    4.023315] bravo_ts_power: power 1
[    4.036682] [USBH] phy_reset: success
[    4.144866] [USBH] ulpi: write 0x0c to 0x31
[    4.145019] [USBH] ulpi: write 0x30 to 0x32
[    4.145263] [USBH] ulpi: write 0x1d to 0x0d
[    4.145385] [USBH] ulpi: write 0x1d to 0x10
[    4.145660] [USB] OTG_STATE_B_IDLE state
[    4.145812] [USBH] b_sess_vld
[    4.165100] msm_i2c msm_i2c.0: [MSM I2C Err] status = 0x63C8, addr = 0x40, flags = 0x00, last_addr = 40, reg = 0xE4, last_reg = 0xF4, last_flag = 0x00, cnt = 1, pos = 0
[    4.165405] msm_i2c msm_i2c.0: (0080) Error during data xfer (-5) (E4, 00)
[    4.245086] [USBH] msm_chg_detect_work: state:CHG_STATE_UNDEFINED
[    4.275085] synaptics_ts_probe: Product Major Version 1
[    4.275848] synaptics_ts_probe: Product Minor Version 1
[    4.276702] synaptics_ts_probe: product property 2
[    4.277435] synaptics_ts_probe: device control 81
[    4.278198] synaptics_ts_probe: interrupt enable 1
[    4.280395] synaptics_ts_probe: 0xe0: 1 1 1 2 1 1 0 1
[    4.281677] synaptics_ts_probe: Sensor properties 701
[    4.285522] synaptics_ts_probe: max_x 4050, max_y 6822
[    4.285644] synaptics_ts_probe: inactive_x -8 -8, inactive_y -42 -42
[    4.285888] synaptics_ts_probe: snap_x 0-0 0-0, snap_y 0-0 0-0
[    4.286560] input: synaptics-rmi-touchscreen as /devices/virtual/input/input1
[    4.288604] synaptics_ts_probe: Start touchscreen synaptics-rmi-touchscreen in interrupt mode
[    4.290069] GPIO Matrix Keypad Driver: Start keypad matrix for bravo-keypad in interrupt mode
[    4.290771] GPIO Input Driver: Start gpio inputs for bravo-keypad in interrupt mode
[    4.292541] input: bravo-keypad as /devices/virtual/input/input2
[    4.294403] using input dev h2w headset for key reset
[    4.294769] using input dev bravo-keypad for key reset
[    4.296051] RTC Registering with rs30000048
[    4.296203] gpio_keys_scan_keys: key 1-74, 0 (94) changed to 0
[    4.298797] msm_rpc_client_req: RPC call was not successful (3)
[    4.299072] msmrtc_setup_cb: RPC client registration for PROC:12 failed
[    4.299194] rs30000048 rs30000048.65536: msmrtc_probe: Could not initialize RPC callback
[    4.300720] msmrtc_tod_proc_result: 01/07/1980 14:09:01 (00)
[    4.302368] using rtc device, msm_rtc, for alarms
[    4.302520] rs30000048 rs30000048.65536: rtc core: registered msm_rtc as rtc0
[    4.303894] msmrtc_tod_proc_result: 01/07/1980 14:09:01 (00)
[    4.304260] rs30000048 rs30000048.65536: rtc core: registered msm_rtc_secure as rtc1
[    4.305603] lirc_dev: IR Remote Control driver registered, major 246 
[    4.305938] IR NEC protocol handler initialized
[    4.306060] IR RC5(x) protocol handler initialized
[    4.306213] IR RC6 protocol handler initialized
[    4.306457] IR JVC protocol handler initialized
[    4.306579] IR Sony protocol handler initialized
[    4.306823] IR RC5 (streamzap) protocol handler initialized
[    4.306945] IR LIRC bridge handler initialized
[    4.345062] [USBH] msm_chg_detect_work: state:CHG_WAIT_FOR_DCD
[    4.402679] Driver for 1-wire Dallas network protocol.
[    4.404235] msm_i2c msm_i2c.0: [MSM I2C Err] status = 0x63C8, addr = 0x18, flags = 0x00, last_addr = 18, reg = 0xC3, last_reg = 0x00, last_flag = 0x01, cnt = 0, pos = 2
[    4.404663] msm_i2c msm_i2c.0: (0030) Error during data xfer (-5) (C3, 00)
[    4.408538] device-mapper: uevent: version 1.0.3
[    4.409729] device-mapper: ioctl: 4.20.0-ioctl (2011-02-02) initialised: dm-devel@redhat.com
[    4.410064] Bluetooth: HCI UART driver ver 2.2
[    4.410217] Bluetooth: HCI H4 protocol initialized
[    4.410339] Bluetooth: HCILL protocol initialized
[    4.414245] mmc0: Qualcomm MSM SDCC-core at 0x00000000a0300000 irq 24,0 dma 8 dmacrcri 6
[    4.414398] mmc0: Platform slot type: N/A
[    4.414978] mmc0: 8 bit data mode disabled
[    4.415222] mmc0: 4 bit data mode disabled
[    4.415466] mmc0: polling status mode disabled
[    4.415863] mmc0: MMC clock 144000 -> 49152000 Hz, PCLK 64000000 Hz
[    4.416229] mmc0: Slot eject status = 1
[    4.416717] mmc0: Power save feature enable = 1
[    4.417114] mmc0: DM non-cached buffer at ffd80000, dma_addr 0x363c0000
[    4.417602] mmc0: DM cmd busaddr 0x363c0000, cmdptr busaddr 0x363d7f40
[    4.423919] mmc1: Qualcomm MSM SDCC-core at 0x00000000a0400000 irq 26,0 dma 8 dmacrcri 7
[    4.424194] mmc1: Platform slot type: N/A
[    4.424346] mmc1: 8 bit data mode disabled
[    4.425354] mmc1: 4 bit data mode disabled
[    4.425628] mmc1: polling status mode disabled
[    4.425872] mmc1: MMC clock 144000 -> 49152000 Hz, PCLK 64000000 Hz
[    4.426025] mmc1: Slot eject status = 0
[    4.426391] mmc1: Power save feature enable = 1
[    4.426910] mmc1: DM non-cached buffer at ffd60000, dma_addr 0x363e0000
[    4.427154] mmc1: DM cmd busaddr 0x363e0000, cmdptr busaddr 0x363f7f40
[    4.434783] logger: created 256K log 'log_main'
[    4.435119] logger: created 256K log 'log_events'
[    4.435607] logger: created 256K log 'log_radio'
[    4.435943] logger: created 256K log 'log_system'
[    4.443267] zram: num_devices not specified. Using default: 1
[    4.443542] zram: Creating 1 devices ...
[    4.444610] [USBH] msm_chg_detect_work: state:CHG_WAIT_FOR_DCD
[    4.450195] GACT probability NOT on
[    4.450469] Mirror/redirect action on
[    4.450744] u32 classifier
[    4.450866]     Actions configured
[    4.452087] Netfilter messages via NETLINK v0.30.
[    4.453430] nf_conntrack version 0.5.0 (5066 buckets, 20264 max)
[    4.459136] ctnetlink v0.93: registering with nfnetlink.
[    4.460388] NF_TPROXY: Transparent proxy support initialized, version 4.1.0
[    4.460540] NF_TPROXY: Copyright (c) 2006-2007 BalaBit IT Ltd.
[    4.476409] xt_time: kernel timezone is -0000
[    4.486267] ip_tables: (C) 2000-2006 Netfilter Core Team
[    4.492218] arp_tables: (C) 2002 David S. Miller
[    4.503417] TCP cubic registered
[    4.509216] NET: Registered protocol family 10
[    4.518951] Mobile IPv6
[    4.519897] ip6_tables: (C) 2000-2006 Netfilter Core Team
[    4.521545] IPv6 over IPv4 tunneling driver
[    4.532226] NET: Registered protocol family 17
[    4.532531] NET: Registered protocol family 15
[    4.534210] Bridge firewalling registered
[    4.535125] ######## bthid_init: ########
[    4.536437] ######## bthid_init: done ########
[    4.536682] lib80211: common routines for IEEE802.11 drivers
[    4.537506] lib80211_crypt: registered algorithm 'NULL'
[    4.537872] VFP support v0.3: implementor 51 architecture 64 part 0f variant 0 rev 1
[    4.538513] ThumbEE CPU extension supported.
[    4.544647] [USBH] msm_chg_detect_work: state:CHG_WAIT_FOR_DCD
[    4.583190] clock_late_init() disabled 27 unused clocks
[    4.586212] [Port list] init()
[    4.586364] [Port list] Virtual Address for port_list: [f81b2790]
[    4.586761] [Port list] Physical Address for port_list: [1B2790]
[    4.594848] bravo_wifi_init: start
[    4.600769] regulator_init_complete: ldo2: incomplete constraints, leaving on
[    4.602386] regulator_init_complete: ldo1: incomplete constraints, leaving on
[    4.603881] regulator_init_complete: dcdc3: incomplete constraints, leaving on
[    4.605407] regulator_init_complete: dcdc2: incomplete constraints, leaving on
[    4.607086] regulator_init_complete: dcdc1: incomplete constraints, leaving on
[    4.609985] msmrtc_tod_proc_result: 01/07/1980 14:09:01 (00)
[    4.610443] rs30000048 rs30000048.65536: setting system clock to 1980-01-07 14:09:01 UTC (316102141)
[    4.612701] BUG: key d585c60c not in .data!
[    4.612854] ------------[ cut here ]------------
[    4.613006] WARNING: at kernel/lockdep.c:2885 lockdep_init_map+0x104/0x4cc()
[    4.613403] Modules linked in:
[    4.613739] Backtrace: 
[    4.614318] [<c0040460>] (dump_backtrace+0x0/0x110) from [<c0463ff4>] (dump_stack+0x18/0x1c)
[    4.614532]  r6:c0548913 r5:00000b45 r4:00000000 r3:00000000
[    4.615783] [<c0463fdc>] (dump_stack+0x0/0x1c) from [<c00883bc>] (warn_slowpath_common+0x54/0x6c)
[    4.616058] [<c0088368>] (warn_slowpath_common+0x0/0x6c) from [<c00883f8>] (warn_slowpath_null+0x24/0x2c)
[    4.616363]  r8:d585c600 r7:d585aa80 r6:00000000 r5:d585c60c r4:d58606c8
[    4.617401] r3:00000009
[    4.618011] [<c00883d4>] (warn_slowpath_null+0x0/0x2c) from [<c00b1514>] (lockdep_init_map+0x104/0x4cc)
[    4.618438] [<c00b1410>] (lockdep_init_map+0x0/0x4cc) from [<c0150b04>] (sysfs_add_file_mode+0x58/0xb8)
[    4.618835] [<c0150aac>] (sysfs_add_file_mode+0x0/0xb8) from [<c015344c>] (internal_create_group+0x11c/0x19c)
[    4.619079]  r6:d5860640 r5:d585aa60 r4:00000000
[    4.619903] [<c0153330>] (internal_create_group+0x0/0x19c) from [<c0153500>] (sysfs_create_group+0x18/0x1c)
[    4.620178] [<c01534e8>] (sysfs_create_group+0x0/0x1c) from [<c00101d4>] (msm_pm_init+0x2b4/0x49c)
[    4.620605] [<c000ff20>] (msm_pm_init+0x0/0x49c) from [<c003737c>] (do_one_initcall+0xa0/0x174)
[    4.620941] [<c00372dc>] (do_one_initcall+0x0/0x174) from [<c00083e8>] (kernel_init+0x78/0x120)
[    4.621093]  r9:00000000 r8:00000000 r7:00000013 r6:c008ba40 r5:c0031b1c
[    4.622222] r4:c0032438
[    4.622833] [<c0008370>] (kernel_init+0x0/0x120) from [<c008ba40>] (do_exit+0x0/0x648)
[    4.623077]  r5:c0008370 r4:00000000
[    4.623718] ---[ end trace 3376a64fd8134496 ]---
[    4.623962] BUG: key d585c628 not in .data!
[    4.624267] BUG: key d585c644 not in .data!
[    4.624603] BUG: key d585c660 not in .data!
[    4.625061] BUG: key d585c68c not in .data!
[    4.625244] BUG: key d585c6a8 not in .data!
[    4.625396] BUG: key d585c6c4 not in .data!
[    4.625549] BUG: key d585c6e0 not in .data!
[    4.625885] BUG: key d585c70c not in .data!
[    4.626190] BUG: key d585c728 not in .data!
[    4.626312] BUG: key d585c744 not in .data!
[    4.626464] BUG: key d585c760 not in .data!
[    4.626892] BUG: key d585c78c not in .data!
[    4.627105] BUG: key d585c7a8 not in .data!
[    4.627258] BUG: key d585c7c4 not in .data!
[    4.627655] BUG: key d585c7e0 not in .data!
[    4.628021] Acquire 'boot-time' no_halt_lock 60s
[    4.628448] Warning: unable to open an initial console.
[    4.629211] Freeing init memory: 188K
[    4.641448] init (1): /proc/1/oom_adj is deprecated, please use /proc/1/oom_score_adj instead.
[    4.644683] [USBH] msm_chg_detect_work: state:CHG_WAIT_FOR_DCD
[    4.672302] mmc1: host does not support reading read-only switch. assuming write-enable.
[    4.678314] mmc1: new high speed SDHC card at address e624
[    4.682403] mmcblk0: mmc1:e624 SU04G 3.69 GiB 
[    4.688446]  mmcblk0: p1
[    4.745208] [USBH] msm_chg_detect_work: state:CHG_WAIT_FOR_DCD
[    4.845214] [USBH] msm_chg_detect_work: state:CHG_WAIT_FOR_DCD
[    4.861022] **********************************************
[    4.861236] [BATT-DEBUG]: CHECKING IF BATTERY IS SUPPORTED
[    4.861358] [HTC_BATT]Setting Full mAh values of Stock Battery
[    4.861541] [HTC_BATT]Full mAh value set as 1500
[    4.861663] [HTC_BATT]Extended Battery was not detected within BattInfo check
[    4.861846] [HTC_BATT]RSNSP=67,RARC=88,Vol=4006mV,Current=-24mA,Temp=295C(1/10)
[    4.862060] [BATT] ds2784_notify: 1 88 at 1897542483 (1980-01-07 14:09:01.751491250 UTC)
[    4.862457] [BATT] power_supply_changed: battery at 1898000027 (1980-01-07 14:09:01.751857285 UTC)
[    4.885040] [USBH] msm_chg_detect_work: state:CHG_DCD_DONE
[    4.885253] [USBH] msm_chg_detect_work: state:CHG_DETECTED
[    4.885375] [USBH] chg_type = USB_SDP_CHARGER
[    4.885559] [USBH] msm_otg_sm_work: state:b_idle bit:0x00000003
[    4.885681] [USB] OTG_STATE_B_IDLE state
[    4.885803] [USBH] b_sess_vld
[    4.885986] [USBH] Avail curr from USB = 500
[    4.886108] [USBH] gadget on
[    4.886230] [USB] CI13XXX_CONTROLLER_RESET_EVENT received
[    4.886444] [USBH] send connect type -1
[    4.886566] [BATT] peripheral_cable_update(1) from_owe=0
[    4.886749] [BATT] err:Update SMEM: allocate fail at 1922311365 (1980-01-07 14:09:01.776168613 UTC)
[    4.887084] [HTC_BATT] cable change to 1
[    4.887298] [BATT] ds2784_notify: 0 1 at 1922738423 (1980-01-07 14:09:01.776687184 UTC)
[    4.887512] [BATT] charger ON (SLOW) at 1923043465 (1980-01-07 14:09:01.776931218 UTC)
[    4.898345] keychord: using input dev h2w headset for fevent
[    4.898559] keychord: using input dev bravo-keypad for fevent
[    4.903594] yaffs: dev is 32505859 name is "mtdblock3" rw
[    4.903808] yaffs: passed flags ""
[    4.903930] yaffs: Attempting MTD mount of 31.3,"mtdblock3"
[    5.015197] [USB] android_enable_function: mass_storage enabled
[    5.015625] [USB] android_enable_function: adb enabled
[    5.015869] [USB] android_bind_enabled_functions bind name: mass_storage
[    5.016296] [USB] android_bind_enabled_functions bind name: adb
[    5.016540] adb_bind_config
[    5.017089] [USB] ci13xxx_pullup: 1
[    5.017303] [USB] android_usb_init_work: ret: 0
[    5.020324] [USB] suspend
[    5.208831] yaffs: yaffs_read_super: is_checkpointed 1
[    5.210113] yaffs: dev is 32505861 name is "mtdblock5" rw
[    5.210510] yaffs: passed flags ""
[    5.210754] yaffs: Attempting MTD mount of 31.5,"mtdblock5"
[    5.260406] [USB] reset
[    5.261016] [USBH] send connect type 1
[    5.261260] [BATT] peripheral_cable_update(1) from_owe=0
[    5.261505] [BATT] err:Update SMEM: allocate fail at 2297254340 (1980-01-07 14:09:02.142539719 UTC)
[    5.262359] [HTC_BATT] cable change to 1
[    5.262786] [USB] portchange USB_SPEED_HIGH
[    5.331176] [USB] USB_STATE=CONNECTED
[    5.334625] [USB] reset
[    5.336914] [USB] portchange USB_SPEED_HIGH
[    5.424621] android_usb gadget: high speed config #1: android
[    5.425781] [USB] USB_STATE=CONFIGURED
[    5.426300] [USB] set usb_connect2pc = 1
[    5.543945] yaffs: block 486 is bad
[   12.765899] yaffs: yaffs_read_super: is_checkpointed 0
[   12.766693] yaffs: dev is 32505860 name is "mtdblock4" rw
[   12.766937] yaffs: passed flags ""
[   12.767333] yaffs: Attempting MTD mount of 31.4,"mtdblock4"
[   12.769714] yaffs: yaffs_read_super: is_checkpointed 1
[   13.994689] init: service 'console' requires console
[   14.007232] [USB] enable_store, buff: 0
[   14.008117] [USB] bDeviceClass_store: 0
[   14.169982] adb_open: adbd(parent:init): tgid=131
[   14.313262] warning: `rild' uses 32-bit capabilities (legacy support in use)
[   15.078308] msmfb: pan_update in state(1)
[   15.078338] msmfb: full update starting
[   15.125061] msmfb: full update completed
[   15.125457] msmfb: turning on panel
[   15.125579] lcdc_unblank: ()
[   15.125701] sony_tft_panel_unblank: +()
[   15.125885] sony_tft_panel_unblank: -() already unblanked
[   16.309753] htc-acoustic: open
[   16.314392] htc-acoustic: release
[   19.522552] NAND boot, writing additional init commands to /dev/smd0
[   25.384490] audio: init: codecs
[   25.489685] dal_attach: status = 0, name = 'DAL_AQ_AUD'
[   25.489685] audio: init: INIT
[   25.489959] audio: init: OPEN control
[   25.876373] audio: init: attach ACDB
[   25.985748] dal_attach: status = 0, name = 'DAL_AM_AUD'
[   25.985870] audio: init: attach ADIE
[   25.986328] dal_attach: status = 0, name = 'DAL_AM_AUD'
[   25.986480] pmic_rpc_req_reply: successfully connected to 0x10001 rpc version
[   26.000366] acdb: load 'default.acdb'
[   26.032135] acdb: 588 bytes for device 607, rate 48000.
[   26.046386] acdb: 871 bytes for device 507, rate 8000.
[   28.308959] [BATT-DEBUG: DISPLAYING ADDITIONAL BATTERY INFO]
[   28.309112] [BATT-DEBUG]: Batt ID:1 Batt_vol:4006 Batt_temp:295
[   28.309295] [BATT-DEBUG]: Batt_level:88 Batt_charging_source: 1 Batt_enabled: 1 Full_bat: 1195
[   28.309631] [BATT-DEBUG: DISPLAYING ADDITIONAL BATTERY INFO]
[   28.309753] [BATT-DEBUG]: Batt ID:1 Batt_vol:4006 Batt_temp:295
[   28.309936] [BATT-DEBUG]: Batt_level:88 Batt_charging_source: 1 Batt_enabled: 1 Full_bat: 1195
[   28.318695] request_suspend_state: wakeup (3->0) at 25353388447 (1980-01-07 14:09:25.199314477 UTC)
[   29.174591] acc_open
[   29.174713] acc_release
[   29.433074] sony_tft_set_pwm_val: 102
[   53.233459] gpio_keys_scan_keys: key 1-74, 0 (94) changed to 1
[   54.705627] gpio_keys_scan_keys: key 1-74, 0 (94) changed to 0
[   55.028869] **********************************************
[   55.029266] [BATT-DEBUG]: CHECKING IF BATTERY IS SUPPORTED
[   55.029968] [HTC_BATT]Setting Full mAh values of Stock Battery
[   55.030364] [HTC_BATT]Full mAh value set as 1500
[   55.031036] [HTC_BATT]Extended Battery was not detected within BattInfo check
[   55.031433] [HTC_BATT]RSNSP=67,RARC=88,Vol=4006mV,Current=135mA,Temp=295C(1/10)
[   55.031799] batt: charging SLOW
[   61.611572] SysRq : Emergency Remount R/O
[   61.616668] Emergency Remount complete
[   61.617797] msm_reboot_call: code 1, cmd recovery
[   61.617980] msmfb_shutdown
[   61.617980] mdp irq already on c000 4000
[   61.618011] mdp_dma: busy
[   61.618011] lcdc_blank: ()
[   61.618011] sony_tft_panel_blank: +()
[   61.829986] sony_tft_panel_blank: -()
[   61.830017] lcdc_shutdown: ()
[   61.830352] [USB] ci13xxx_pullup: 0
[   61.830566] [USB] adb_complete_out: err (-108)
[   61.830963] adb_release: adbd(parent:init): tgid=131
[   61.831756] adb_open: adbd(parent:init): tgid=131
[   61.833282] Thread-82(parent:zygote): Restarting system with command 'recovery'.
[   61.833282] msm_pm_restart: restart_reason 0x77665502, cmd recovery
[   61.833312] 
[   61.833312] Restarting Linux version 3.0.16-evervolv-turba-jellybean+ (nikez@Perfection) (gcc version 4.4.1 (Sourcery G++ Lite 2010q1-188) ) #1 PREEMPT Sat Apr 20 16:00:04 CEST 2013
[   61.833343] 
[   61.884185] msm_restart: Console was locked! Busting
[   61.886322] DPRINT_INT_CTRL_REGS:
[   61.886322] 
[   61.886718]     VIC_INT_SELECT0(0xF8000000) : 0x0
[   61.886840]     VIC_INT_SELECT1(0xF8000004) : 0x80000000
[   61.887115]         VIC_INT_EN0(0xF8000010) : 0x45002A1
[   61.887237]         VIC_INT_EN1(0xF8000014) : 0x84000000
[   61.887512]    VIC_INT_ENCLEAR0(0xF8000020) : 0x0
[   61.887634]    VIC_INT_ENCLEAR1(0xF8000024) : 0x0
[   61.887786]      VIC_INT_ENSET0(0xF8000030) : 0x0
[   61.888031]      VIC_INT_ENSET1(0xF8000034) : 0x0
[   61.888183]       VIC_INT_TYPE0(0xF8000040) : 0x4001A1
[   61.888427]       VIC_INT_TYPE1(0xF8000044) : 0x4
[   61.888580]   VIC_INT_POLARITY0(0xF8000050) : 0x0
[   61.888824]   VIC_INT_POLARITY1(0xF8000054) : 0x0
[   61.888977]     VIC_NO_PEND_VAL(0xF8000060) : 0xFFFFFFFF
[   61.889099]    VIC_INT_MASTEREN(0xF8000064) : 0xFFFFFFFF
[   61.889373]      VIC_PROTECTION(0xF800006C) : 0x0
[   61.889495]          VIC_CONFIG(0xF8000068) : 0x3
[   61.889739]     VIC_IRQ_STATUS0(0xF8000080) : 0x80
[   61.889892]     VIC_IRQ_STATUS1(0xF8000084) : 0x0
[   61.890136]     VIC_FIQ_STATUS0(0xF8000090) : 0x0
[   61.890289]     VIC_FIQ_STATUS1(0xF8000094) : 0x0
[   61.890441]     VIC_RAW_STATUS0(0xF80000A0) : 0x10000080
[   61.890686]     VIC_RAW_STATUS1(0xF80000A4) : 0xC2000
[   61.890838]      VIC_INT_CLEAR0(0xF80000B0) : 0x0
[   61.891082]      VIC_INT_CLEAR1(0xF80000B4) : 0x0
[   61.891235]        VIC_SOFTINT0(0xF80000C0) : 0x0
[   61.891479]        VIC_SOFTINT1(0xF80000C4) : 0x0
[   61.891601]      VIC_IRQ_VEC_RD(0xF80000D0) : 0x7
[   61.891754] VIC_IRQ_VEC_PEND_RD(0xF80000D4) : 0x7
[   61.891998]      VIC_IRQ_VEC_WR(0xF80000D8) : 0x0
[   61.892150]  VIC_IRQ_IN_SERVICE(0xF80000E0) : 0xFFFFFFFF
[   61.892395]    VIC_IRQ_IN_STACK(0xF80000E4) : 0x0
[   61.892547]    VIC_TEST_BUS_SEL(0xF80000E8) : 0x1
[   61.892700]  VIC_TEST_BUS_SEL_0(0xF8000200) : 0x0
[   61.892944]  VIC_TEST_BUS_SEL_1(0xF8000204) : 0x0
[   61.893096]  VIC_TEST_BUS_SEL_2(0xF8000208) : 0x0
[   61.893341]  VIC_TEST_BUS_SEL_3(0xF800020C) : 0x0
[   61.893493]  VIC_TEST_BUS_SEL_4(0xF8000210) : 0x0
[   61.893737]  VIC_TEST_BUS_SEL_5(0xF8000214) : 0x0
[   61.893890]  VIC_TEST_BUS_SEL_6(0xF8000218) : 0x0
[   61.894012]  VIC_TEST_BUS_SEL_7(0xF800021C) : 0x0
[   61.894287]  VIC_TEST_BUS_SEL_8(0xF8000220) : 0x0
[   61.894409]  VIC_TEST_BUS_SEL_9(0xF8000224) : 0x0
[   61.894683]  VIC_TEST_BUS_SEL_10(0xF8000228) : 0x0
[   61.894805]  VIC_TEST_BUS_SEL_11(0xF800022C) : 0x0
[   61.894958]  VIC_TEST_BUS_SEL_12(0xF8000230) : 0x0
[   61.895202]  VIC_TEST_BUS_SEL_13(0xF8000234) : 0x0
[   61.895355]  VIC_TEST_BUS_SEL_14(0xF8000238) : 0x0
[   61.895599]  VIC_TEST_BUS_SEL_15(0xF800023C) : 0x0
[   61.895751]  VIC_TEST_BUS_SEL_16(0xF8000240) : 0x0
[   61.895996]  VIC_TEST_BUS_SEL_17(0xF8000244) : 0x0
[   61.896148]  VIC_TEST_BUS_SEL_18(0xF8000248) : 0x0
[   61.896270]  VIC_TEST_BUS_SEL_19(0xF800024C) : 0x0
[   61.896545]  VIC_TEST_BUS_SEL_20(0xF8000250) : 0x0
[   61.896667]  VIC_TEST_BUS_SEL_21(0xF8000254) : 0x0
[   61.896942]  VIC_TEST_BUS_SEL_22(0xF8000258) : 0x0
[   61.897064]  VIC_TEST_BUS_SEL_23(0xF800025C) : 0x0
[   61.897338]  VIC_TEST_BUS_SEL_24(0xF8000260) : 0x0
[   61.897460]  VIC_TEST_BUS_SEL_25(0xF8000264) : 0x0
[   61.897613]  VIC_TEST_BUS_SEL_26(0xF8000268) : 0x0
[   61.897857]  VIC_TEST_BUS_SEL_27(0xF800026C) : 0x0
[   61.898010]  VIC_TEST_BUS_SEL_28(0xF8000270) : 0x0
[   61.898254]  VIC_TEST_BUS_SEL_29(0xF8000274) : 0x0
[   61.898406]  VIC_TEST_BUS_SEL_30(0xF8000278) : 0x0
[   61.898559]  VIC_TEST_BUS_SEL_31(0xF800027C) : 0x0
[   61.898803]  VIC_TEST_BUS_SEL_32(0xF8000280) : 0x0
[   61.898956]  VIC_TEST_BUS_SEL_33(0xF8000284) : 0x0
[   61.899200]  VIC_TEST_BUS_SEL_34(0xF8000288) : 0x0
[   61.899353]  VIC_TEST_BUS_SEL_35(0xF800028C) : 0x0
[   61.899597]  VIC_TEST_BUS_SEL_36(0xF8000290) : 0x0
[   61.899749]  VIC_TEST_BUS_SEL_37(0xF8000294) : 0x0
[   61.899871]  VIC_TEST_BUS_SEL_38(0xF8000298) : 0x0
[   61.900146]  VIC_TEST_BUS_SEL_39(0xF800029C) : 0x0
[   61.900268]  VIC_TEST_BUS_SEL_40(0xF80002A0) : 0x0
[   61.900543]  VIC_TEST_BUS_SEL_41(0xF80002A4) : 0x0
[   61.900665]  VIC_TEST_BUS_SEL_42(0xF80002A8) : 0x0
[   61.900939]  VIC_TEST_BUS_SEL_43(0xF80002AC) : 0x0
[   61.901062]  VIC_TEST_BUS_SEL_44(0xF80002B0) : 0x0
[   61.901214]  VIC_TEST_BUS_SEL_45(0xF80002B4) : 0x0
[   61.901458]  VIC_TEST_BUS_SEL_46(0xF80002B8) : 0x0
[   61.901611]  VIC_TEST_BUS_SEL_47(0xF80002BC) : 0x0
[   61.901855]  VIC_TEST_BUS_SEL_48(0xF80002C0) : 0x0
[   61.902008]  VIC_TEST_BUS_SEL_49(0xF80002C4) : 0x0
[   61.902160]  VIC_TEST_BUS_SEL_50(0xF80002C8) : 0x0
[   61.902404]  VIC_TEST_BUS_SEL_51(0xF80002CC) : 0x0
[   61.902557]  VIC_TEST_BUS_SEL_52(0xF80002D0) : 0x0
[   61.902801]  VIC_TEST_BUS_SEL_53(0xF80002D4) : 0x0
[   61.902954]  VIC_TEST_BUS_SEL_54(0xF80002D8) : 0x0
[   61.903198]  VIC_TEST_BUS_SEL_55(0xF80002DC) : 0x0
[   61.903350]  VIC_TEST_BUS_SEL_56(0xF80002E0) : 0x0
[   61.903472]  VIC_TEST_BUS_SEL_57(0xF80002E4) : 0x0
[   61.903747]  VIC_TEST_BUS_SEL_58(0xF80002E8) : 0x0
[   61.903869]  VIC_TEST_BUS_SEL_59(0xF80002EC) : 0x0
[   61.904144]  VIC_TEST_BUS_SEL_60(0xF80002F0) : 0x0
[   61.904266]  VIC_TEST_BUS_SEL_61(0xF80002F4) : 0x0
[   61.904541]  VIC_TEST_BUS_SEL_62(0xF80002F8) : 0x0
[   61.904663]  VIC_TEST_BUS_SEL_63(0xF80002FC) : 0x0
[   61.904815]   VIC_VECTADDR_0(0xF8000400) : 0x0
[   61.905059]   VIC_VECTADDR_1(0xF8000404) : 0x0
[   61.905212]   VIC_VECTADDR_2(0xF8000408) : 0x0
[   61.905456]   VIC_VECTADDR_3(0xF800040C) : 0x0
[   61.905609]   VIC_VECTADDR_4(0xF8000410) : 0x0
[   61.905731]   VIC_VECTADDR_5(0xF8000414) : 0x0
[   61.906005]   VIC_VECTADDR_6(0xF8000418) : 0x0
[   61.906127]   VIC_VECTADDR_7(0xF800041C) : 0x0
[   61.906402]   VIC_VECTADDR_8(0xF8000420) : 0x0
[   61.906524]   VIC_VECTADDR_9(0xF8000424) : 0x0
[   61.906677]   VIC_VECTADDR_10(0xF8000428) : 0x0
[   61.906921]   VIC_VECTADDR_11(0xF800042C) : 0x0
[   61.907073]   VIC_VECTADDR_12(0xF8000430) : 0x0
[   61.907196]   VIC_VECTADDR_13(0xF8000434) : 0x0
[   61.907470]   VIC_VECTADDR_14(0xF8000438) : 0x0
[   61.907592]   VIC_VECTADDR_15(0xF800043C) : 0x0
[   61.907867]   VIC_VECTADDR_16(0xF8000440) : 0x0
[   61.907989]   VIC_VECTADDR_17(0xF8000444) : 0x0
[   61.908142]   VIC_VECTADDR_18(0xF8000448) : 0x0
[   61.908386]   VIC_VECTADDR_19(0xF800044C) : 0x0
[   61.908538]   VIC_VECTADDR_20(0xF8000450) : 0x0
[   61.908782]   VIC_VECTADDR_21(0xF8000454) : 0x0
[   61.908935]   VIC_VECTADDR_22(0xF8000458) : 0x0
[   61.909088]   VIC_VECTADDR_23(0xF800045C) : 0x0
[   61.909332]   VIC_VECTADDR_24(0xF8000460) : 0x0
[   61.909484]   VIC_VECTADDR_25(0xF8000464) : 0x0
[   61.909729]   VIC_VECTADDR_26(0xF8000468) : 0x0
[   61.909881]   VIC_VECTADDR_27(0xF800046C) : 0x0
[   61.910003]   VIC_VECTADDR_28(0xF8000470) : 0x0
[   61.910278]   VIC_VECTADDR_29(0xF8000474) : 0x0
[   61.910400]   VIC_VECTADDR_30(0xF8000478) : 0x0
[   61.910675]   VIC_VECTADDR_31(0xF800047C) : 0x0
[   61.910797]   VIC_VECTADDR_32(0xF8000480) : 0x0
[   61.910949]   VIC_VECTADDR_33(0xF8000484) : 0x0
[   61.911193]   VIC_VECTADDR_34(0xF8000488) : 0x0
[   61.911346]   VIC_VECTADDR_35(0xF800048C) : 0x0
[   61.911590]   VIC_VECTADDR_36(0xF8000490) : 0x0
[   61.911743]   VIC_VECTADDR_37(0xF8000494) : 0x0
[   61.911865]   VIC_VECTADDR_38(0xF8000498) : 0x0
[   61.912139]   VIC_VECTADDR_39(0xF800049C) : 0x0
[   61.912261]   VIC_VECTADDR_40(0xF80004A0) : 0x0
[   61.912536]   VIC_VECTADDR_41(0xF80004A4) : 0x0
[   61.912658]   VIC_VECTADDR_42(0xF80004A8) : 0x0
[   61.912811]   VIC_VECTADDR_43(0xF80004AC) : 0x0
[   61.913055]   VIC_VECTADDR_44(0xF80004B0) : 0x0
[   61.913208]   VIC_VECTADDR_45(0xF80004B4) : 0x0
[   61.913452]   VIC_VECTADDR_46(0xF80004B8) : 0x0
[   61.913604]   VIC_VECTADDR_47(0xF80004BC) : 0x0
[   61.913726]   VIC_VECTADDR_48(0xF80004C0) : 0x0
[   61.914001]   VIC_VECTADDR_49(0xF80004C4) : 0x0
[   61.914123]   VIC_VECTADDR_50(0xF80004C8) : 0x0
[   61.914398]   VIC_VECTADDR_51(0xF80004CC) : 0x0
[   61.914520]   VIC_VECTADDR_52(0xF80004D0) : 0x0
[   61.914672]   VIC_VECTADDR_53(0xF80004D4) : 0x0
[   61.914916]   VIC_VECTADDR_54(0xF80004D8) : 0x0
[   61.915069]   VIC_VECTADDR_55(0xF80004DC) : 0x0
[   61.915313]   VIC_VECTADDR_56(0xF80004E0) : 0x0
[   61.915466]   VIC_VECTADDR_57(0xF80004E4) : 0x0
[   61.915618]   VIC_VECTADDR_58(0xF80004E8) : 0x0
[   61.915863]   VIC_VECTADDR_59(0xF80004EC) : 0x0
[   61.915985]   VIC_VECTADDR_60(0xF80004F0) : 0x0
[   61.916259]   VIC_VECTADDR_61(0xF80004F4) : 0x0
[   61.916381]   VIC_VECTADDR_62(0xF80004F8) : 0x0
[   61.916534]   VIC_VECTADDR_63(0xF80004FC) : 0x0

No errors detected
