[    0.000000] Initializing cgroup subsys cpu
[    0.000000] Linux version 3.0.16-evervolv-turba-jellybean+ (nikez@Perfection) (gcc version 4.4.1 (Sourcery G++ Lite 2010q1-188) ) #1 PREEMPT Sat Jun 15 02:27:15 CEST 2013
[    0.000000] Ignoring unrecognised tag 0x4d534d76
[    0.000000] Partition (from atag) misc -- Offset:ffb Size:5
[    0.000000] Partition (from atag) recovery -- Offset:212 Size:24
[    0.000000] Partition (from atag) boot -- Offset:236 Size:18
[    0.000000] Partition (from atag) system -- Offset:24e Size:7d0
[    0.000000] Partition (from atag) cache -- Offset:a1e Size:140
[    0.000000] Partition (from atag) userdata -- Offset:b5e Size:49d
[    0.000000] Ignoring unrecognised tag 0x5441000a
[    0.000000] CAM_AWB_CAL Data size = 514 , 0x59504550, size = 2048
[    0.000000] Ignoring unrecognised tag 0x41387898
[    0.000000] parse_tag_ps_calibration: ps_kparam1 = 0x0, ps_kparam2 = 0x0
[    0.000000] size_pmem_device: pmem pmem_adsp requests 44060672 bytes dynamically.
[    0.000000] size_pmem_device: pmem pmem requests 33554432 bytes dynamically.
[    0.000000] size_pmem_device: pmem pmem_venc requests 8388608 bytes dynamically.
[    0.000000] reserve_memory_for: reserve 44060672 bytes from memory 3 for pmem_adsp.
[    0.000000] reserve_memory_for: reserve 33554432 bytes from memory 3 for pmem.
[    0.000000] memory pool 3 (start 36c00000 size 4b00000) initialized
[    0.000000] smem_find(137, 72): wrong size 56
[    0.000000] smem_find(137, 64): wrong size 56
[    0.000000] smem_find(137, 64): wrong size 56
[    0.000000] socinfo_init: v2, id=36, ver=2.0, raw_id=576, raw_ver=2
[    0.000000] Kernel command line: board_bravo.disable_uart3=0 board_bravo.usb_h2w_sw=0 board_bravo.disable_sdcard=0 diag.enabled=0 board_bravo.debug_uart=0 smisize=0 userdata_sel=0 androidboot.emmc=false  androidboot.baseband=5.17.05.23 androidboot.cid=HTC__Y13 androidboot.carrier=HTC-Nor androidboot.mid=PB9920000 androidboot.keycaps=qwerty androidboot.mode=normal androidboot.serialno=SH08RPL05562 androidboot.bootloader=6.93.1002 no_console_suspend=1 msmsdcc_sdioirq=1 wire.search_count=5
[    0.000000] board_bootloader_setup: 6.93.1002
[    0.000000] board_bootloader_setup: MFG BUILD
[    0.000000] PID hash table entries: 2048 (order: 1, 8192 bytes)
[    0.000000] Dentry cache hash table entries: 65536 (order: 6, 262144 bytes)
[    0.000000] Inode-cache hash table entries: 32768 (order: 5, 131072 bytes)
[    0.000000] Memory: 232MB 108MB = 340MB total
[    0.000000] Memory: 331196k/331196k available, 93764k reserved, 0K highmem
[    0.000000] Virtual kernel memory layout:
[    0.000000]     vector  : 0xffff0000 - 0xffff1000   (   4 kB)
[    0.000000]     fixmap  : 0xfff00000 - 0xfffe0000   ( 896 kB)
[    0.000000]     DMA     : 0xff000000 - 0xffe00000   (  14 MB)
[    0.000000]     vmalloc : 0xdb800000 - 0xf8000000   ( 456 MB)
[    0.000000]     lowmem  : 0xc0000000 - 0xdb700000   ( 439 MB)
[    0.000000]     modules : 0xbf000000 - 0xc0000000   (  16 MB)
[    0.000000]       .init : 0xc0008000 - 0xc0037000   ( 188 kB)
[    0.000000]       .text : 0xc0037000 - 0xc05ca000   (5708 kB)
[    0.000000]       .data : 0xc05ca000 - 0xc0625c20   ( 368 kB)
[    0.000000]        .bss : 0xc0625c44 - 0xc0caff68   (6697 kB)
[    0.000000] SLUB: Genslabs=13, HWalign=32, Order=0-3, MinObjects=0, CPUs=1, Nodes=1
[    0.000000] NR_IRQS:332
[    0.000000] sched_clock: 32 bits at 32kHz, resolution 30517ns, wraps every 131071999ms
[    0.000213] Calibrating delay loop... 511.18 BogoMIPS (lpj=2555904)
[    0.050109] pid_max: default: 32768 minimum: 301
[    0.050659] Mount-cache hash table entries: 512
[    0.052764] Initializing cgroup subsys cpuacct
[    0.052795] Initializing cgroup subsys freezer
[    0.052825] Initializing cgroup subsys blkio
[    0.053070] CPU: Testing write buffer coherency: ok
[    0.061309] print_constraints: dummy: 
[    0.061492] rdev_init_debugfs: Error-Bad Function Input
[    0.062133] NET: Registered protocol family 16
[    0.066772] bravo_init() revision=131
[    0.067901] Max ACPU freq from efuse data is 998400 KHz
[   12.354858] ACPU running at 768000 KHz
[   12.354858] 5 scaling frequencies supported.
[   12.356567] ram_console: got buffer at 3a00000, size 40000
[   12.356750] ram_console: found existing buffer, size 32978, start 32978
[   12.522094] console [ram0] enabled
[   12.524871] bravo_init_mmc()+
[   12.525329] bravo_init_mmc()-
[   12.525482] bravo_add_usb_devices rev: 131
[   12.528198] print_constraints: fs_gfx3d: normal 
[   12.544464] bio: create slab <bio-0> at 0
[   12.546173] msm_i2c_probe
[   12.546508] msm_i2c_probe: clk_ctl 35d, 100000 Hz
[   12.550079] print_constraints: dcdc1: 800 <--> 1350 mV at 1300 mV 
[   12.550567] rdev_init_debugfs: Error-Bad Function Input
[   12.551116] print_constraints: dcdc2: 1260 mV 
[   12.551666] rdev_init_debugfs: Error-Bad Function Input
[   12.552276] print_constraints: dcdc3: 800 <--> 3300 mV at 1800 mV 
[   12.552673] rdev_init_debugfs: Error-Bad Function Input
[   12.553802] print_constraints: ldo1: 1000 <--> 3150 mV at 2800 mV 
[   12.554229] rdev_init_debugfs: Error-Bad Function Input
[   12.554748] print_constraints: ldo2: 3300 mV 
[   12.555297] rdev_init_debugfs: Error-Bad Function Input
[   12.558044] Bluetooth: Core ver 2.16
[   12.558319] NET: Registered protocol family 31
[   12.558471] Bluetooth: HCI device and connection manager initialized
[   12.558776] Bluetooth: HCI socket layer initialized
[   12.559906] cfg80211: Calling CRDA to update world regulatory domain
[   12.561157] Switching to clocksource gp_timer
[   12.563812] [TTY_IO] create tty_wq for smd0
[   12.564361] spi clk = 0x0
[   12.564483] spi: SPI_CONFIG=0
[   12.564605] spi: SPI_IO_CONTROL=0
[   12.564758] spi: SPI_OPERATIONAL=0
[   12.564971] spi: SPI_ERROR_FLAGS_EN=0
[   12.565124] spi: SPI_ERROR_FLAGS=0
[   12.565246] -msm_spi_probe()
[   12.566223] NET: Registered protocol family 2
[   12.566741] IP route cache hash table entries: 4096 (order: 2, 16384 bytes)
[   12.568023] TCP established hash table entries: 16384 (order: 5, 131072 bytes)
[   12.568969] TCP bind hash table entries: 16384 (order: 7, 589824 bytes)
[   12.580505] TCP: Hash tables configured (established 16384 bind 16384)
[   12.580688] TCP reno registered
[   12.580963] UDP hash table entries: 256 (order: 2, 20480 bytes)
[   12.581604] UDP-Lite hash table entries: 256 (order: 2, 20480 bytes)
[   12.582916] NET: Registered protocol family 1
[   12.583831] Unpacking initramfs...
[   12.602478] Freeing initrd memory: 180K
[   12.602935] PMU: registered new PMU device of type 0
[   12.621643] Notify: smsm init
[   12.632110] rpcrouter_smd_remote_notify: smd opened 0x  (null)
[   12.635528] dma_test_init, minor number 49
[   12.636688] Registered led device: flashlight
[   12.636962] [FLT]flashlight_probe: led_count = 0
[   12.637084] [FLT]flashlight_probe: The Flashlight Driver is ready
[   12.638061] htc_battery_init
[   12.638366] Battery Probe
[   12.658599] RPC_TIME_TOD_SET_APPS_BASES:
[   12.658599] 	tick = 51624700
[   12.658599] 	stamp = 3980460032
[   12.659423] htc_battery_core_probe
[   12.661804] [BATT-DEBUG: DISPLAYING ADDITIONAL BATTERY INFO]
[   12.662048] [BATT-DEBUG]: Batt ID:0 Batt_vol:0 Batt_temp:0
[   12.662170] [BATT-DEBUG]: Batt_level:0 Batt_charging_source: 0 Batt_enabled: 0 Full_bat: 0
[   12.662414] [BATT] err:smem_alloc fail at 361200534 (1970-01-01 00:00:00.361048043 UTC)
[   12.662811] [BATT] htc_cable_status_update: 0 -> 0
[   12.665100] mdp_probe: initialized
[   12.665374] spi: SPI_CONFIG=88
[   12.665588] spi: SPI_IO_CONTROL=401
[   12.665740] spi: SPI_OPERATIONAL=85
[   12.665863] spi: SPI_ERROR_FLAGS_EN=7f
[   12.666076] spi: SPI_ERROR_FLAGS=7f
[   12.666229] -bravo_init_spi_hack()
[   12.666412] bravo_init_panel: tft panel
[   12.667297] Registered led device: lcd-backlight
[   12.672210] bravo-microp 0-0066: microp version [05][1D]
[   12.672668] Registered led device: green
[   12.673370] Registered led device: amber
[   12.673797] Registered led device: blue
[   12.674163] Registered led device: button-backlight
[   12.674835] H2W: htc_35mm_jack driver register
[   12.676818] input: h2w headset as /devices/virtual/input/input0
[   12.683166] microp_spi_vote_enable: Changing SPI [1]
[   12.712554] i2c-core: driver [bravo-microp] using legacy suspend method
[   12.712799] i2c-core: driver [bravo-microp] using legacy resume method
[   12.713226] tpa2018d1_init
[   12.713592] i2c-core: driver [tpa2018d1] using legacy suspend method
[   12.713714] i2c-core: driver [tpa2018d1] using legacy resume method
[   12.722808] ashmem: initialized
[   12.744964] fuse init (API version 7.16)
[   12.746063] yaffs: yaffs built Jun 15 2013 02:25:58 Installing.
[   12.752929] io scheduler noop registered
[   12.753082] io scheduler deadline registered
[   12.753814] io scheduler cfq registered
[   12.754455] io scheduler bfq registered (default)
[   12.754699] start plist test
[   12.774627] end plist test
[   12.778808] setup_fb_info msmfb->xres 480, msmfb->yres 800
[   12.779510] msmfb_probe() installing 480 x 800 panel
[   12.781005] load_565rle_image: Can not open /logo.rle
[   12.781188] mdp_lcdc_probe: initialized
[   12.783081] msm_serial: detected port #0
[   12.783569] msm_serial.0: ttyMSM0 at MMIO 0xa9a00000 (irq = 229) is a MSM
[   12.785095] msm_serial: driver initialized
[   12.786163] msm_serial_hs.0: ttyHS0 at MMIO 0xa0200000 (irq = 44) is a MSM HS UART
[   12.787231] msm_serial_hs module loaded
[   12.788208] [BT]msm_serial_hs module loaded
[   12.790863] kgsl kgsl-3d0: |kgsl_gpummu_init| MMU type set for device is GPUMMU
[   12.800354] loop: module loaded
[   12.800750] pmem: Initializing pmem as cached
[   12.801696] allocating 33554432 bytes at 36c00000 physical for pmem
[   12.802124] pmem: Initializing pmem_adsp as cached
[   12.802612] allocating 44060672 bytes at 38c00000 physical for pmem_adsp
[   12.803039] pmem: Initializing pmem_venc as cached
[   12.803405] pmem: Cannot allocate from reserved memory for pmem_venc
[   12.804870] android_pmem: probe of android_pmem.5 failed with error -1
[   12.805480] AKM8973 compass driver: init
[   12.807464] input: compass as /devices/virtual/input/input1
[   12.808319] Error: Driver 'tps65023' is already registered, aborting...
[   12.810241] msm_nand_probe: phys addr 0xa0a00000 
[   12.810394] msm_nand_probe: dmac 0x7
[   12.810668] msm_nand_probe: allocated dma buffer at ffdf8000, dma_addr 36716000
[   12.811645] ONFI probe : Found a nonONFI Compliant device 
[   12.812011] status: c00020
[   12.812133] nandid: 5500bcec maker ec device bc
[   12.812438] Found a supported NAND device
[   12.812591] NAND Id  : 0x5500bcec
[   12.812713] Buswidth : 16 Bits
[   12.812835] Density  : 512 MByte
[   12.813079] Pagesize : 2048 Bytes
[   12.813201] Erasesize: 131072 Bytes
[   12.813354] Oobsize  : 64 Bytes
[   12.813568] CFG0 Init  : 0xa85408c0
[   12.813720] CFG1 Init  : 0x0004745e
[   12.813842] ECCBUFCFG  : 0x00000203
[   12.814086] Creating 6 MTD partitions on "msm_nand":
[   12.814239] 0x00001ff60000-0x000020000000 : "misc"
[   12.818572] 0x000004240000-0x0000046c0000 : "recovery"
[   12.826202] 0x0000046c0000-0x0000049c0000 : "boot"
[   12.832275] 0x0000049c0000-0x0000143c0000 : "system"
[   13.115386] 0x0000143c0000-0x000016bc0000 : "cache"
[   13.163146] 0x000016bc0000-0x00001ff60000 : "userdata"
[   13.331573] [PPP] ppp_init disable ppp debug msg
[   13.331787] PPP generic driver version 2.4.2
[   13.332702] PPP Deflate Compression module registered
[   13.332977] PPP BSD Compression module registered
[   13.336242] PPP MPPE Compression module registered
[   13.336486] NET: Registered protocol family 24
[   13.339508] tun: Universal TUN/TAP device driver, 1.6
[   13.339630] tun: (C) 1999-2004 Max Krasnyansky <maxk@qualcomm.com>
[   13.340942] rmnet_init: SMD devices[8]
[   13.352935] [USB] msm_otg probe
[   13.353607] [USB] OTG regs = db812000
[   13.355194] [USB] ci13xxx_msm_probe
[   13.355438] [USBH] peripheral driver registered w/ tranceiver
[   13.355895] [USBH] msm_otg_sm_work: state:UNDEFINED bit:0x00000000
[   13.356048] [USB] OTG_STATE_UNDEFINED state
[   13.356262] [USBH] msm_otg_reset
[   13.358276] msm_hsusb msm_hsusb: [usb_gadget_probe_driver] hw_ep_max = 32
[   13.359130] [USB] android_init_functions rndis init
[   13.359710] [USB] android_init_functions accessory init
[   13.360595] [USB] android_init_functions mtp init
[   13.361022] [USB] android_init_functions ptp init
[   13.361968] android_usb gadget: Mass Storage Function, version: 2009/09/11
[   13.362213] android_usb gadget: Number of LUNs=3
[   13.362365]  lun0: LUN: removable file: (no medium)
[   13.362609]  lun1: LUN: removable file: (no medium)
[   13.362731]  lun2: LUN: removable read only CD-ROM file: (no medium)
[   13.363037] [USB] android_init_functions mass_storage init
[   13.363616] [USB] android_init_functions adb init
[   13.364135] [USB] android_init_functions diag init
[   13.364440] [USB] android_init_functions modem init
[   13.364746] [USB] android_init_functions serial init
[   13.365539] [USB] android_init_functions projector init
[   13.365875] android_usb gadget: android_usb ready
[   13.367523] bravo_ts_power: power 1
[   13.380767] [USBH] phy_reset: success
[   13.482177] [USBH] ulpi: write 0x0c to 0x31
[   13.482421] [USBH] ulpi: write 0x30 to 0x32
[   13.482543] [USBH] ulpi: write 0x1d to 0x0d
[   13.482666] [USBH] ulpi: write 0x1d to 0x10
[   13.482971] [USB] OTG_STATE_B_IDLE state
[   13.483093] [USBH] b_sess_vld
[   13.512359] msm_i2c msm_i2c.0: [MSM I2C Err] status = 0x63C8, addr = 0x40, flags = 0x00, last_addr = 40, reg = 0xE4, last_reg = 0xF4, last_flag = 0x00, cnt = 1, pos = 0
[   13.512786] msm_i2c msm_i2c.0: (0080) Error during data xfer (-5) (E4, 00)
[   13.582458] [USBH] msm_chg_detect_work: state:CHG_STATE_UNDEFINED
[   13.622833] synaptics_ts_probe: Product Major Version 1
[   13.623565] synaptics_ts_probe: Product Minor Version 1
[   13.624420] synaptics_ts_probe: product property 2
[   13.625152] synaptics_ts_probe: device control 81
[   13.626007] synaptics_ts_probe: interrupt enable 1
[   13.628112] synaptics_ts_probe: 0xe0: 1 1 1 2 1 1 0 1
[   13.629486] synaptics_ts_probe: Sensor properties 701
[   13.633209] synaptics_ts_probe: max_x 4050, max_y 6822
[   13.633331] synaptics_ts_probe: inactive_x -8 -8, inactive_y -42 -42
[   13.633575] synaptics_ts_probe: snap_x 0-0 0-0, snap_y 0-0 0-0
[   13.634338] input: synaptics-rmi-touchscreen as /devices/virtual/input/input2
[   13.636199] synaptics_ts_probe: Start touchscreen synaptics-rmi-touchscreen in interrupt mode
[   13.636962] capella_cm3602_probe: probe
[   13.637634] input: proximity as /devices/virtual/input/input3
[   13.639495] capella_cm3602_setup
[   13.641510] proximity FAR
[   13.642395] GPIO Matrix Keypad Driver: Start keypad matrix for bravo-keypad in interrupt mode
[   13.643096] GPIO Input Driver: Start gpio inputs for bravo-keypad in interrupt mode
[   13.643981] input: bravo-keypad as /devices/virtual/input/input4
[   13.645996] input: lightsensor-level as /devices/virtual/input/input5
[   13.646911] set_ls_kvalue: ALS calibrated als_kadc=0x0
[   13.647033] set_ls_kvalue: no ALS calibrated
[   13.647277] set_ls_kvalue: als_kadc=0x1, als_gadc=0x1
[   13.647430] ls_table: data[0] , data[0] = 0, 0
[   13.647552] ls_table: data[1] , data[1] = 0, 1
[   13.647796] ls_table: data[2] , data[2] = 0, f
[   13.647918] ls_table: data[3] , data[3] = 0, 1e
[   13.648162] ls_table: data[4] , data[4] = 0, 3c
[   13.648284] ls_table: data[5] , data[5] = 1, 21
[   13.648437] gpio_keys_scan_keys: key 1-74, 0 (94) changed to 0
[   13.648742] ls_table: data[6] , data[6] = 1, 90
[   13.648895] ls_table: data[7] , data[7] = 2, ba
[   13.649108] ls_table: data[8] , data[8] = 3, 5c
[   13.649261] ls_table: data[9] , data[9] = 3, ff
[   13.653350] __capella_cm3602_power: Turn the capella_cm3602 power on
[   13.654113] using input dev h2w headset for key reset
[   13.654388] using input dev bravo-keypad for key reset
[   13.655578] input: curcial-oj as /devices/virtual/input/input6
[   13.656188] using input dev curcial-oj for key reset
[   13.658172] curcial_oj_poweron: OJ power enable(1)
[   13.669891] microp_oj_interrupt_mode: microp_interrupt_enable called
[   13.670135] microp_spi_vote_enable: Changing OJ interrupt mode [1]
[   13.672058] microp_spi_vote_enable: already in voted state, [spi_device 4,enable 1], [spi_status 1, spi_devices_vote 5]
[   13.673828] curcial_oj_shutdown
[   13.682250] [USBH] msm_chg_detect_work: state:CHG_WAIT_FOR_DCD
[   13.715026] OpticalJoystick Device ID: 0d
[   13.718475] OJ Driver: Revision : 02
[   13.721832] OJ: driver loaded
[   13.723236] RTC Registering with rs30000048
[   13.725921] msm_rpc_client_req: RPC call was not successful (3)
[   13.726074] msmrtc_setup_cb: RPC client registration for PROC:12 failed
[   13.726318] rs30000048 rs30000048.65536: msmrtc_probe: Could not initialize RPC callback
[   13.727874] msmrtc_tod_proc_result: 01/06/1980 06:10:26 (06)
[   13.729553] using rtc device, msm_rtc, for alarms
[   13.729705] rs30000048 rs30000048.65536: rtc core: registered msm_rtc as rtc0
[   13.731079] msmrtc_tod_proc_result: 01/06/1980 06:10:26 (06)
[   13.731475] rs30000048 rs30000048.65536: rtc core: registered msm_rtc_secure as rtc1
[   13.732849] lirc_dev: IR Remote Control driver registered, major 245 
[   13.733184] IR NEC protocol handler initialized
[   13.733306] IR RC5(x) protocol handler initialized
[   13.733551] IR RC6 protocol handler initialized
[   13.733673] IR JVC protocol handler initialized
[   13.733825] IR Sony protocol handler initialized
[   13.734069] IR RC5 (streamzap) protocol handler initialized
[   13.734191] IR LIRC bridge handler initialized
[   13.735473] sctrl.node 0
[   13.735626] s5k3e2fx_sensor_probe
[   13.781951] [USBH] msm_chg_detect_work: state:CHG_WAIT_FOR_DCD
[   13.881866] [USBH] msm_chg_detect_work: state:CHG_WAIT_FOR_DCD
[   13.981933] [USBH] msm_chg_detect_work: state:CHG_WAIT_FOR_DCD
[   14.082336] [USBH] msm_chg_detect_work: state:CHG_WAIT_FOR_DCD
[   14.181976] [USBH] msm_chg_detect_work: state:CHG_WAIT_FOR_DCD
[   14.221923] [USBH] msm_chg_detect_work: state:CHG_DCD_DONE
[   14.222106] [USBH] msm_chg_detect_work: state:CHG_DETECTED
[   14.222351] [USBH] chg_type = USB_SDP_CHARGER
[   14.222595] [USBH] msm_otg_sm_work: state:b_idle bit:0x00000003
[   14.222808] [USB] OTG_STATE_B_IDLE state
[   14.222961] [USBH] b_sess_vld
[   14.223083] [USBH] Avail curr from USB = 500
[   14.223327] [USBH] gadget on
[   14.223480] [USB] CI13XXX_CONTROLLER_RESET_EVENT received
[   14.223846] [USBH] send connect type -1
[   14.224090] [BATT] peripheral_cable_update(1) from_owe=0
[   14.224273] [BATT] err:Update SMEM: allocate fail at 1922662011 (1970-01-01 00:00:01.922387383 UTC)
[   14.362213] [USB] android_enable_function: mass_storage enabled
[   14.362365] [USB] android_enable_function: adb enabled
[   14.362609] [USB] android_bind_enabled_functions bind name: mass_storage
[   14.362762] [USB] android_bind_enabled_functions bind name: adb
[   14.362976] adb_bind_config
[   14.363342] [USB] ci13xxx_pullup: 1
[   14.363586] [USB] android_usb_init_work: ret: 0
[   14.366607] [USB] suspend
[   14.404174] s5k3e2fx:kobject creat and add
[   14.404357] s5k3e2fx:sysfs_create_file
[   14.406433] Driver for 1-wire Dallas network protocol.
[   14.407989] msm_i2c msm_i2c.0: [MSM I2C Err] status = 0x63C8, addr = 0x18, flags = 0x00, last_addr = 18, reg = 0xC3, last_reg = 0x00, last_flag = 0x01, cnt = 0, pos = 2
[   14.408416] msm_i2c msm_i2c.0: (0030) Error during data xfer (-5) (C3, 00)
[   14.412689] device-mapper: uevent: version 1.0.3
[   14.413909] device-mapper: ioctl: 4.20.0-ioctl (2011-02-02) initialised: dm-devel@redhat.com
[   14.414154] Bluetooth: HCI UART driver ver 2.2
[   14.414398] Bluetooth: HCI H4 protocol initialized
[   14.414520] Bluetooth: HCILL protocol initialized
[   14.418518] mmc0: Qualcomm MSM SDCC-core at 0x00000000a0300000 irq 24,0 dma 8 dmacrcri 6
[   14.418670] mmc0: Platform slot type: Unknown type
[   14.419189] mmc0: 8 bit data mode disabled
[   14.419433] mmc0: 4 bit data mode disabled
[   14.419586] mmc0: polling status mode disabled
[   14.420074] mmc0: MMC clock 144000 -> 49152000 Hz, PCLK 64000000 Hz
[   14.420471] mmc0: Slot eject status = 1
[   14.420959] mmc0: Power save feature enable = 1
[   14.421325] mmc0: DM non-cached buffer at ffdc0000, dma_addr 0x367e0000
[   14.421722] mmc0: DM cmd busaddr 0x367e0000, cmdptr busaddr 0x367f7f40
[   14.428314] mmc1: Qualcomm MSM SDCC-core at 0x00000000a0400000 irq 26,0 dma 8 dmacrcri 7
[   14.428833] mmc1: Platform slot type: Unknown type
[   14.429382] mmc1: 8 bit data mode disabled
[   14.429870] mmc1: 4 bit data mode disabled
[   14.430236] mmc1: polling status mode disabled
[   14.430603] mmc1: MMC clock 144000 -> 49152000 Hz, PCLK 64000000 Hz
[   14.430755] mmc1: Slot eject status = 0
[   14.430908] mmc1: Power save feature enable = 1
[   14.431396] mmc1: DM non-cached buffer at ffd60000, dma_addr 0x35c00000
[   14.431793] mmc1: DM cmd busaddr 0x35c00000, cmdptr busaddr 0x35c17f40
[   14.445739] logger: created 256K log 'log_main'
[   14.446136] logger: created 256K log 'log_events'
[   14.446594] logger: created 256K log 'log_radio'
[   14.446929] logger: created 256K log 'log_system'
[   14.448364] zram: num_devices not specified. Using default: 1
[   14.448516] zram: Creating 1 devices ...
[   14.450592] GACT probability NOT on
[   14.450744] Mirror/redirect action on
[   14.450897] u32 classifier
[   14.451019]     Actions configured
[   14.451354] Netfilter messages via NETLINK v0.30.
[   14.451782] nf_conntrack version 0.5.0 (5177 buckets, 20708 max)
[   14.458435] ctnetlink v0.93: registering with nfnetlink.
[   14.459686] NF_TPROXY: Transparent proxy support initialized, version 4.1.0
[   14.459960] NF_TPROXY: Copyright (c) 2006-2007 BalaBit IT Ltd.
[   14.465515] xt_time: kernel timezone is -0000
[   14.468292] ip_tables: (C) 2000-2006 Netfilter Core Team
[   14.474670] arp_tables: (C) 2002 David S. Miller
[   14.484741] TCP cubic registered
[   14.514526] NET: Registered protocol family 10
[   14.533660] Mobile IPv6
[   14.533935] ip6_tables: (C) 2000-2006 Netfilter Core Team
[   14.534698] IPv6 over IPv4 tunneling driver
[   14.537841] NET: Registered protocol family 17
[   14.538238] NET: Registered protocol family 15
[   14.538848] Bridge firewalling registered
[   14.539123] ######## bthid_init: ########
[   14.539764] ######## bthid_init: done ########
[   14.539886] lib80211: common routines for IEEE802.11 drivers
[   14.540252] lib80211_crypt: registered algorithm 'NULL'
[   14.540374] VFP support v0.3: implementor 51 architecture 64 part 0f variant 0 rev 1
[   14.541168] ThumbEE CPU extension supported.
[   14.580780] clock_late_init() disabled 27 unused clocks
[   14.586578] [Port list] init()
[   14.586883] [Port list] Virtual Address for port_list: [f81b2790]
[   14.587036] [Port list] Physical Address for port_list: [1B2790]
[   14.594726] bravo_wifi_init: start
[   14.597808] regulator_init_complete: ldo2: incomplete constraints, leaving on
[   14.599426] regulator_init_complete: ldo1: incomplete constraints, leaving on
[   14.600921] regulator_init_complete: dcdc3: incomplete constraints, leaving on
[   14.602416] regulator_init_complete: dcdc2: incomplete constraints, leaving on
[   14.604003] regulator_init_complete: dcdc1: incomplete constraints, leaving on
[   14.607177] msmrtc_tod_proc_result: 01/06/1980 06:10:27 (06)
[   14.607635] rs30000048 rs30000048.65536: setting system clock to 1980-01-06 06:10:27 UTC (315987027)
[   14.609863] BUG: key d5c9010c not in .data!
[   14.610015] ------------[ cut here ]------------
[   14.610168] WARNING: at kernel/lockdep.c:2885 lockdep_init_map+0x104/0x4cc()
[   14.610595] Modules linked in:
[   14.610931] Backtrace: 
[   14.611480] [<c0040460>] (dump_backtrace+0x0/0x110) from [<c0465374>] (dump_stack+0x18/0x1c)
[   14.611694]  r6:c0549bc1 r5:00000b45 r4:00000000 r3:00000000
[   14.613159] [<c046535c>] (dump_stack+0x0/0x1c) from [<c0087d9c>] (warn_slowpath_common+0x54/0x6c)
[   14.613403] [<c0087d48>] (warn_slowpath_common+0x0/0x6c) from [<c0087dd8>] (warn_slowpath_null+0x24/0x2c)
[   14.613739]  r8:d5c90100 r7:d67cd760 r6:00000000 r5:d5c9010c r4:d5c8fb88
[   14.614776] r3:00000009
[   14.615325] [<c0087db4>] (warn_slowpath_null+0x0/0x2c) from [<c00b0ef4>] (lockdep_init_map+0x104/0x4cc)
[   14.615753] [<c00b0df0>] (lockdep_init_map+0x0/0x4cc) from [<c0150510>] (sysfs_add_file_mode+0x58/0xb8)
[   14.616088] [<c01504b8>] (sysfs_add_file_mode+0x0/0xb8) from [<c0152e58>] (internal_create_group+0x11c/0x19c)
[   14.616333]  r6:d5c8fb00 r5:d67cd740 r4:00000000
[   14.617095] [<c0152d3c>] (internal_create_group+0x0/0x19c) from [<c0152f0c>] (sysfs_create_group+0x18/0x1c)
[   14.617370] [<c0152ef4>] (sysfs_create_group+0x0/0x1c) from [<c00101d4>] (msm_pm_init+0x2b4/0x49c)
[   14.617828] [<c000ff20>] (msm_pm_init+0x0/0x49c) from [<c003737c>] (do_one_initcall+0xa0/0x174)
[   14.618194] [<c00372dc>] (do_one_initcall+0x0/0x174) from [<c00083e8>] (kernel_init+0x78/0x120)
[   14.618347]  r9:00000000 r8:00000000 r7:00000013 r6:c008b420 r5:c0031bb8
[   14.619537] r4:c00324e0
[   14.620208] [<c0008370>] (kernel_init+0x0/0x120) from [<c008b420>] (do_exit+0x0/0x648)
[   14.620483]  r5:c0008370 r4:00000000
[   14.621093] ---[ end trace b95d3034a1f36622 ]---
[   14.621337] BUG: key d5c90128 not in .data!
[   14.621673] BUG: key d5c90144 not in .data!
[   14.622009] BUG: key d5c90160 not in .data!
[   14.622436] BUG: key d5c9018c not in .data!
[   14.622650] BUG: key d5c901a8 not in .data!
[   14.622802] BUG: key d5c901c4 not in .data!
[   14.623046] BUG: key d5c901e0 not in .data!
[   14.623352] BUG: key d5c9020c not in .data!
[   14.623687] BUG: key d5c90228 not in .data!
[   14.623809] BUG: key d5c90244 not in .data!
[   14.623962] BUG: key d5c90260 not in .data!
[   14.624420] BUG: key d5c9028c not in .data!
[   14.624603] BUG: key d5c902a8 not in .data!
[   14.624755] BUG: key d5c902c4 not in .data!
[   14.625183] BUG: key d5c902e0 not in .data!
[   14.625518] Acquire 'boot-time' no_halt_lock 60s
[   14.625946] Warning: unable to open an initial console.
[   14.626739] Freeing init memory: 188K
[   14.638793] init (1): /proc/1/oom_adj is deprecated, please use /proc/1/oom_score_adj instead.
[   14.672790] mmc1: host does not support reading read-only switch. assuming write-enable.
[   14.678833] mmc1: new high speed SDHC card at address e624
[   14.682739] [USB] reset
[   14.683837] mmcblk0: mmc1:e624 SU04G 3.69 GiB 
[   14.685089] [USB] portchange USB_SPEED_HIGH
[   14.687255] [USBH] send connect type 1
[   14.687469] [BATT] peripheral_cable_update(1) from_owe=0
[   14.687591] [BATT] err:Update SMEM: allocate fail at 2385841931 (1980-01-06 06:10:27.579942408 UTC)
[   14.687988] [HTC_BATT] cable change to 1
[   14.688110] [BATT] ds2784_notify: 0 1 at 2386360358 (1980-01-06 06:10:27.580460835 UTC)
[   14.688415] [BATT] charger ON (SLOW) at 2386573827 (1980-01-06 06:10:27.580765791 UTC)
[   14.690734]  mmcblk0: p1
[   14.753509] [USB] USB_STATE=CONNECTED
[   14.757080] [USB] reset
[   14.759338] [USB] portchange USB_SPEED_HIGH
[   14.846984] android_usb gadget: high speed config #1: android
[   14.847442] [USB] USB_STATE=CONFIGURED
[   14.847808] [USB] set usb_connect2pc = 1
[   14.869659] **********************************************
[   14.869781] [BATT-DEBUG]: CHECKING IF BATTERY IS SUPPORTED
[   14.869964] [HTC_BATT]Setting Full mAh values of Stock Battery
[   14.870086] [HTC_BATT]Full mAh value set as 1500
[   14.870300] [HTC_BATT]Extended Battery was not detected within BattInfo check
[   14.870391] [HTC_BATT]RSNSP=67,RARC=100,Vol=4157mV,Current=-11mA,Temp=312C(1/10)
[   14.870605] [BATT] ds2784_notify: 1 100 at 2568682421 (1980-01-06 06:10:27.762843861 UTC)
[   14.871063] [BATT] power_supply_changed: battery at 2569139965 (1980-01-06 06:10:27.763301404 UTC)
[   14.871368] batt: charging SLOW
[   14.915374] keychord: using input dev h2w headset for fevent
[   14.915527] keychord: using input dev bravo-keypad for fevent
[   14.915710] keychord: using input dev curcial-oj for fevent
[   14.920806] yaffs: dev is 32505859 name is "mtdblock3" rw
[   14.920989] yaffs: passed flags ""
[   14.921112] yaffs: Attempting MTD mount of 31.3,"mtdblock3"
[   15.174591] yaffs: yaffs_read_super: is_checkpointed 1
[   15.175384] yaffs: dev is 32505861 name is "mtdblock5" rw
[   15.175598] yaffs: passed flags ""
[   15.175750] yaffs: Attempting MTD mount of 31.5,"mtdblock5"
[   15.199584] yaffs: yaffs_read_super: is_checkpointed 1
[   15.200073] yaffs: dev is 32505860 name is "mtdblock4" rw
[   15.200225] yaffs: passed flags ""
[   15.200439] yaffs: Attempting MTD mount of 31.4,"mtdblock4"
[   15.202117] yaffs: yaffs_read_super: is_checkpointed 1
[   16.429046] init: service 'console' requires console
[   16.431793] [USB] enable_store, buff: 0
[   16.433837] [USB] bDeviceClass_store: 0
[   16.594085] adb_open: adbd(parent:init): tgid=135
[   16.739685] warning: `rild' uses 32-bit capabilities (legacy support in use)
[   17.560455] msmfb: pan_update in state(1)
[   17.560455] msmfb: full update starting
[   17.607238] msmfb: full update completed
[   17.607574] msmfb: turning on panel
[   17.607666] lcdc_unblank: ()
[   17.607788] sony_tft_panel_unblank: +()
[   17.607971] sony_tft_panel_unblank: -() already unblanked
[   18.598388] htc-acoustic: open
[   18.640533] htc-acoustic: release
[   22.994842] NAND boot, writing additional init commands to /dev/smd0
[   26.442565] lightsensor_ioctl get enabled status: 0
[   26.443572] capella_cm3602_open
[   26.443695] capella_cm3602_ioctl cmd 1
[   26.444915] capella_cm3602_ioctl cmd 2
[   26.445129] capella_cm3602_disable
[   26.446258] capella_cm3602_disable: already disabled
[   26.446380] capella_cm3602_release
[   26.446929] capella_cm3602_disable
[   26.447052] capella_cm3602_disable: already disabled
[   26.455474] microp_spi_vote_enable: already in voted state, [spi_device 1,enable 1], [spi_status 1, spi_devices_vote 5]
[   26.537902] microp_spi_vote_enable: already in voted state, [spi_device 1,enable 0], [spi_status 1, spi_devices_vote 4]
[   27.743499] audio: init: codecs
[   27.857116] dal_attach: status = 0, name = 'DAL_AQ_AUD'
[   27.857238] audio: init: INIT
[   27.857604] audio: init: OPEN control
[   28.244598] audio: init: attach ACDB
[   28.353515] dal_attach: status = 0, name = 'DAL_AM_AUD'
[   28.353637] audio: init: attach ADIE
[   28.354125] dal_attach: status = 0, name = 'DAL_AM_AUD'
[   28.354248] pmic_rpc_req_reply: successfully connected to 0x10001 rpc version
[   28.368621] acdb: load 'default.acdb'
[   28.396697] acdb: 588 bytes for device 607, rate 48000.
[   28.411346] acdb: 871 bytes for device 507, rate 8000.
[   30.667480] [BATT-DEBUG: DISPLAYING ADDITIONAL BATTERY INFO]
[   30.667663] [BATT-DEBUG]: Batt ID:1 Batt_vol:4157 Batt_temp:312
[   30.667785] [BATT-DEBUG]: Batt_level:100 Batt_charging_source: 1 Batt_enabled: 1 Full_bat: 1464
[   30.668121] [BATT-DEBUG: DISPLAYING ADDITIONAL BATTERY INFO]
[   30.668243] [BATT-DEBUG]: Batt ID:1 Batt_vol:4157 Batt_temp:312
[   30.668426] [BATT-DEBUG]: Batt_level:100 Batt_charging_source: 1 Batt_enabled: 1 Full_bat: 1464
[   30.677337] request_suspend_state: wakeup (3->0) at 18374653274 (1980-01-06 06:10:43.560852857 UTC)
[   30.821929] microp_spi_vote_enable: already in voted state, [spi_device 1,enable 1], [spi_status 1, spi_devices_vote 5]
[   31.667755] acc_open
[   31.667968] acc_release
[   31.926788] lightsensor_ioctl set value = 1
[   31.926910] lightsensor_enable
[   31.929046] microp_write_interrupt: microp_interrupt_enable called
[   31.942199] sony_tft_set_pwm_val: 102
[   31.975982] sony_tft_set_pwm_val: 98
[   31.982635] sony_tft_set_pwm_val: 94
[   32.020446] sony_tft_set_pwm_val: 88
[   32.036407] sony_tft_set_pwm_val: 84
[   32.062072] sony_tft_set_pwm_val: 80
[   32.068817] sony_tft_set_pwm_val: 76
[   32.089599] sony_tft_set_pwm_val: 72
[   32.107788] sony_tft_set_pwm_val: 69
[   32.125427] sony_tft_set_pwm_val: 65
[   32.139892] sony_tft_set_pwm_val: 62
[   32.160308] sony_tft_set_pwm_val: 58
[   32.176361] sony_tft_set_pwm_val: 55
[   32.220245] sony_tft_set_pwm_val: 51
[   32.242492] sony_tft_set_pwm_val: 42
[   32.255920] ALS value: 0x0, level: 0 #
[   32.272705] sony_tft_set_pwm_val: 40
[   41.546539] alloc_fd: slot 232 not NULL!
[   41.565643] alloc_fd: slot 233 not NULL!
[   46.370666] SysRq : Emergency Remount R/O
[   46.376678] Emergency Remount complete
[   46.472259] msm_reboot_call: code 1, cmd recovery
[   46.472473] msmfb_shutdown
[   46.472473] mdp irq already on c000 4000
[   46.472473] mdp_dma: busy
[   46.472503] lcdc_blank: ()
[   46.472503] sony_tft_panel_blank: +()
[   46.773376] sony_tft_panel_blank: -()
[   46.773406] lcdc_shutdown: ()
[   46.773742] [USB] ci13xxx_pullup: 0
[   46.773986] [USB] adb_complete_out: err (-108)
[   46.774414] adb_release: adbd(parent:init): tgid=135
[   46.775299] adb_open: adbd(parent:init): tgid=135
[   46.776763] adbd(parent:init): Restarting system with command 'recovery'.
[   46.776763] msm_pm_restart: restart_reason 0x77665502, cmd recovery
[   46.776794] 
[   46.776794] Restarting Linux version 3.0.16-evervolv-turba-jellybean+ (nikez@Perfection) (gcc version 4.4.1 (Sourcery G++ Lite 2010q1-188) ) #1 PREEMPT Sat Jun 15 02:27:15 CEST 2013
[   46.776824] 
[   46.876129] msm_restart: Console was locked! Busting

No errors detected
