[    0.000000] Initializing cgroup subsys cpu
[    0.000000] Linux version 3.0.16-evervolv-turba-jellybean+ (nikez@Perfection) (gcc version 4.4.1 (Sourcery G++ Lite 2010q1-188) ) #1 PREEMPT Wed Apr 10 13:55:25 CEST 2013
[    0.000000] Ignoring unrecognised tag 0x4d534d76
[    0.000000] Partition (from atag) misc -- Offset:ffb Size:5
[    0.000000] Partition (from atag) recovery -- Offset:212 Size:24
[    0.000000] Partition (from atag) boot -- Offset:236 Size:18
[    0.000000] Partition (from atag) system -- Offset:24e Size:7d0
[    0.000000] Partition (from atag) cache -- Offset:a1e Size:140
[    0.000000] Partition (from atag) userdata -- Offset:b5e Size:49d
[    0.000000] Ignoring unrecognised tag 0x5441000a
[    0.000000] CAM_AWB_CAL Data size = 514 , 0x59504550, size = 2048
[    0.000000] Ignoring unrecognised tag 0x41387898
[    0.000000] parse_tag_ps_calibration: ps_kparam1 = 0x0, ps_kparam2 = 0x0
[    0.000000] size_pmem_device: pmem pmem_adsp requests 42991616 bytes dynamically.
[    0.000000] size_pmem_device: pmem pmem requests 33554432 bytes dynamically.
[    0.000000] size_pmem_device: pmem pmem_venc requests 8388608 bytes dynamically.
[    0.000000] size_pmem_device: pmem pmem_audio requests 524288 bytes dynamically.
[    0.000000] reserve_memory_for: reserve 42991616 bytes from memory 3 for pmem_adsp.
[    0.000000] reserve_memory_for: reserve 33554432 bytes from memory 3 for pmem.
[    0.000000] reserve_memory_for: reserve 8388608 bytes from memory 3 for pmem_venc.
[    0.000000] reserve_memory_for: reserve 524288 bytes from memory 3 for pmem_audio.
[    0.000000] memory pool 3 (start 36500000 size 5200000) initialized
[    0.000000] smem_find(137, 72): wrong size 56
[    0.000000] smem_find(137, 64): wrong size 56
[    0.000000] smem_find(137, 64): wrong size 56
[    0.000000] socinfo_init: v2, id=36, ver=2.0, raw_id=576, raw_ver=2
[    0.000000] Kernel command line: board_bravo.disable_uart3=0 board_bravo.usb_h2w_sw=0 board_bravo.disable_sdcard=0 diag.enabled=0 board_bravo.debug_uart=0 smisize=0 userdata_sel=0 androidboot.emmc=false  androidboot.baseband=5.17.05.23 androidboot.cid=HTC__Y13 androidboot.carrier=HTC-Nor androidboot.mid=PB9920000 androidboot.keycaps=qwerty androidboot.mode=normal androidboot.serialno=SH08RPL05562 androidboot.bootloader=6.93.1002 no_console_suspend=1 msmsdcc_sdioirq=1 wire.search_count=5
[    0.000000] board_bootloader_setup: 6.93.1002
[    0.000000] board_bootloader_setup: MFG BUILD
[    0.000000] PID hash table entries: 2048 (order: 1, 8192 bytes)
[    0.000000] Dentry cache hash table entries: 65536 (order: 6, 262144 bytes)
[    0.000000] Inode-cache hash table entries: 32768 (order: 5, 131072 bytes)
[    0.000000] Memory: 232MB 101MB = 333MB total
[    0.000000] Memory: 324264k/324264k available, 100696k reserved, 0K highmem
[    0.000000] Virtual kernel memory layout:
[    0.000000]     vector  : 0xffff0000 - 0xffff1000   (   4 kB)
[    0.000000]     fixmap  : 0xfff00000 - 0xfffe0000   ( 896 kB)
[    0.000000]     DMA     : 0xff000000 - 0xffe00000   (  14 MB)
[    0.000000]     vmalloc : 0xdb800000 - 0xf8000000   ( 456 MB)
[    0.000000]     lowmem  : 0xc0000000 - 0xdb700000   ( 439 MB)
[    0.000000]     modules : 0xbf000000 - 0xc0000000   (  16 MB)
[    0.000000]       .init : 0xc0008000 - 0xc0037000   ( 188 kB)
[    0.000000]       .text : 0xc0037000 - 0xc0595000   (5496 kB)
[    0.000000]       .data : 0xc0596000 - 0xc05ea7e0   ( 338 kB)
[    0.000000]        .bss : 0xc05ea804 - 0xc0c742c8   (6695 kB)
[    0.000000] SLUB: Genslabs=13, HWalign=32, Order=0-3, MinObjects=0, CPUs=1, Nodes=1
[    0.000000] NR_IRQS:293
[    0.000000] sched_clock: 32 bits at 32kHz, resolution 30517ns, wraps every 131071999ms
[    0.000183] Calibrating delay loop... 511.18 BogoMIPS (lpj=2555904)
[    0.050109] pid_max: default: 32768 minimum: 301
[    0.050628] Mount-cache hash table entries: 512
[    0.052673] Initializing cgroup subsys cpuacct
[    0.052734] Initializing cgroup subsys freezer
[    0.052734] Initializing cgroup subsys blkio
[    0.052978] CPU: Testing write buffer coherency: ok
[    0.061065] print_constraints: dummy: 
[    0.061248] rdev_init_debugfs: Error-Bad Function Input
[    0.061859] NET: Registered protocol family 16
[    0.067565] Max ACPU freq from efuse data is 998400 KHz
[    3.074340] ACPU running at 768000 KHz
[    3.074371] 5 scaling frequencies supported.
[    3.075927] ram_console: got buffer at 3a00000, size 40000
[    3.076141] ram_console: found existing buffer, size 33020, start 33020
[    3.241912] console [ram0] enabled
[    3.244750] bravo_init_mmc()+
[    3.245361] bravo_init_mmc()-
[    3.247680] print_constraints: fs_gfx3d: normal 
[    3.262817] bio: create slab <bio-0> at 0
[    3.264648] msm_i2c_probe
[    3.264953] msm_i2c_probe: clk_ctl 35d, 100000 Hz
[    3.268371] print_constraints: dcdc1: 800 <--> 1350 mV at 1300 mV 
[    3.268981] rdev_init_debugfs: Error-Bad Function Input
[    3.269378] print_constraints: dcdc2: 1260 mV 
[    3.270050] rdev_init_debugfs: Error-Bad Function Input
[    3.270446] print_constraints: dcdc3: 800 <--> 3300 mV at 1800 mV 
[    3.270965] rdev_init_debugfs: Error-Bad Function Input
[    3.272003] print_constraints: ldo1: 1000 <--> 3150 mV at 2800 mV 
[    3.272521] rdev_init_debugfs: Error-Bad Function Input
[    3.272949] print_constraints: ldo2: 3300 mV 
[    3.273468] rdev_init_debugfs: Error-Bad Function Input
[    3.276184] Bluetooth: Core ver 2.16
[    3.276458] NET: Registered protocol family 31
[    3.276672] Bluetooth: HCI device and connection manager initialized
[    3.276885] Bluetooth: HCI socket layer initialized
[    3.278106] cfg80211: Calling CRDA to update world regulatory domain
[    3.279266] Switching to clocksource gp_timer
[    3.281951] [TTY_IO] create tty_wq for smd0
[    3.282409] spi clk = 0x0
[    3.282562] spi: SPI_CONFIG=0
[    3.282684] spi: SPI_IO_CONTROL=0
[    3.282897] spi: SPI_OPERATIONAL=0
[    3.283050] spi: SPI_ERROR_FLAGS_EN=0
[    3.283172] spi: SPI_ERROR_FLAGS=0
[    3.283416] -msm_spi_probe()
[    3.284271] NET: Registered protocol family 2
[    3.284759] IP route cache hash table entries: 4096 (order: 2, 16384 bytes)
[    3.286041] TCP established hash table entries: 16384 (order: 5, 131072 bytes)
[    3.286987] TCP bind hash table entries: 16384 (order: 7, 589824 bytes)
[    3.299163] TCP: Hash tables configured (established 16384 bind 16384)
[    3.299438] TCP reno registered
[    3.299743] UDP hash table entries: 256 (order: 2, 20480 bytes)
[    3.300262] UDP-Lite hash table entries: 256 (order: 2, 20480 bytes)
[    3.301574] NET: Registered protocol family 1
[    3.302459] Unpacking initramfs...
[    3.321136] Freeing initrd memory: 180K
[    3.321472] PMU: registered new PMU device of type 0
[    3.339874] Notify: smsm init
[    3.350280] rpcrouter_smd_remote_notify: smd opened 0x  (null)
[    3.353576] dma_test_init, minor number 49
[    3.355133] mdp_probe: initialized
[    3.355377] spi: SPI_CONFIG=88
[    3.355499] spi: SPI_IO_CONTROL=401
[    3.355651] spi: SPI_OPERATIONAL=85
[    3.355895] spi: SPI_ERROR_FLAGS_EN=7f
[    3.356018] spi: SPI_ERROR_FLAGS=7f
[    3.356140] -bravo_init_spi_hack()
[    3.356414] bravo_init_panel: tft panel
[    3.356628] THIS IS TFT!
[    3.357391] Registered led device: lcd-backlight
[    3.383697] bravo-microp 0-0066: microp version [05][1D]
[    3.384277] Registered led device: green
[    3.384674] Registered led device: amber
[    3.385192] Registered led device: blue
[    3.385559] Registered led device: button-backlight
[    3.386169] H2W: htc_35mm_jack driver register
[    3.389404] RPC_TIME_TOD_SET_APPS_BASES:
[    3.389434] 	tick = 471769
[    3.389434] 	stamp = 4294967295
[    3.391540] input: h2w headset as /devices/virtual/input/input0
[    3.397552] microp_spi_vote_enable: Changing SPI [1]
[    3.420410] i2c-core: driver [bravo-microp] using legacy suspend method
[    3.420532] i2c-core: driver [bravo-microp] using legacy resume method
[    3.423187] tpa2018d1_init
[    3.423461] i2c-core: driver [tpa2018d1] using legacy suspend method
[    3.423706] i2c-core: driver [tpa2018d1] using legacy resume method
[    3.424468] Registered led device: flashlight
[    3.424835] [FLT]flashlight_probe: led_count = 0
[    3.424957] [FLT]flashlight_probe: The Flashlight Driver is ready
[    3.434112] ashmem: initialized
[    3.456176] fuse init (API version 7.16)
[    3.457305] yaffs: yaffs built Apr 10 2013 13:54:24 Installing.
[    3.463317] io scheduler noop registered
[    3.463439] io scheduler deadline registered (default)
[    3.463867] io scheduler cfq registered
[    3.464233] start plist test
[    3.479888] end plist test
[    3.483032] [CLK] clk_set_rate: failed to set clk: MDP_LCDC_PAD_PCLK_CLK, rate=24576000, flags=0x200, rc=-5
[    3.484619] msmfb_probe() installing 480 x 800 panel
[    3.486053] load_565rle_image: Can not open /logo.rle
[    3.486236] mdp_lcdc_probe: initialized
[    3.487731] msm_serial: detected port #0
[    3.488311] msm_serial.0: ttyMSM0 at MMIO 0xa9a00000 (irq = 229) is a MSM
[    3.490051] msm_serial: driver initialized
[    3.491363] msm_serial_hs_init failed to load
[    3.492584] [BT]msm_serial_hs module loaded
[    3.495361] kgsl kgsl-3d0: |kgsl_gpummu_init| MMU type set for device is GPUMMU
[    3.504486] loop: module loaded
[    3.504913] pmem: Initializing pmem as cached
[    3.505798] allocating 33554432 bytes at 36500000 physical for pmem
[    3.506134] pmem: Initializing pmem_adsp as cached
[    3.506927] allocating 42991616 bytes at 38500000 physical for pmem_adsp
[    3.507293] pmem: Initializing pmem_audio as non-cached
[    3.507812] allocating 524288 bytes at 3ae00000 physical for pmem_audio
[    3.508117] pmem: Initializing pmem_venc as cached
[    3.508636] allocating 8388608 bytes at 3ae80000 physical for pmem_venc
[    3.509124] Error: Driver 'tps65023' is already registered, aborting...
[    3.511352] msm_nand_probe: phys addr 0xa0a00000 
[    3.511505] msm_nand_probe: dmac 0x7
[    3.511779] msm_nand_probe: allocated dma buffer at ffdb2000, dma_addr 36312000
[    3.512725] ONFI probe : Found a nonONFI Compliant device 
[    3.513092] status: c00020
[    3.513214] nandid: 5500bcec maker ec device bc
[    3.513519] Found a supported NAND device
[    3.513641] NAND Id  : 0x5500bcec
[    3.513763] Buswidth : 16 Bits
[    3.513916] Density  : 512 MByte
[    3.514129] Pagesize : 2048 Bytes
[    3.514282] Erasesize: 131072 Bytes
[    3.514404] Oobsize  : 64 Bytes
[    3.514648] CFG0 Init  : 0xa85408c0
[    3.514770] CFG1 Init  : 0x0004745e
[    3.514892] ECCBUFCFG  : 0x00000203
[    3.515014] Creating 6 MTD partitions on "msm_nand":
[    3.515289] 0x00001ff60000-0x000020000000 : "misc"
[    3.519317] 0x000004240000-0x0000046c0000 : "recovery"
[    3.526397] 0x0000046c0000-0x0000049c0000 : "boot"
[    3.531890] 0x0000049c0000-0x0000143c0000 : "system"
[    3.805541] 0x0000143c0000-0x000016bc0000 : "cache"
[    3.851409] 0x000016bc0000-0x00001ff60000 : "userdata"
[    4.014434] [PPP] ppp_init disable ppp debug msg
[    4.014556] PPP generic driver version 2.4.2
[    4.015472] PPP Deflate Compression module registered
[    4.015747] PPP BSD Compression module registered
[    4.018981] PPP MPPE Compression module registered
[    4.019256] NET: Registered protocol family 24
[    4.022888] tun: Universal TUN/TAP device driver, 1.6
[    4.023040] tun: (C) 1999-2004 Max Krasnyansky <maxk@qualcomm.com>
[    4.024291] rmnet_init: SMD devices[8]
[    4.037200] bravo_ts_power: power 1
[    4.180633] msm_i2c msm_i2c.0: [MSM I2C Err] status = 0x63C8, addr = 0x40, flags = 0x00, last_addr = 40, reg = 0xE4, last_reg = 0xF4, last_flag = 0x00, cnt = 1, pos = 0
[    4.180938] msm_i2c msm_i2c.0: (0080) Error during data xfer (-5) (E4, 00)
[    4.291015] synaptics_ts_probe: Product Major Version 1
[    4.291778] synaptics_ts_probe: Product Minor Version 1
[    4.292510] synaptics_ts_probe: product property 2
[    4.293243] synaptics_ts_probe: device control 81
[    4.293975] synaptics_ts_probe: interrupt enable 1
[    4.296173] synaptics_ts_probe: 0xe0: 1 1 1 2 1 1 0 1
[    4.297454] synaptics_ts_probe: Sensor properties 701
[    4.301269] synaptics_ts_probe: max_x 4050, max_y 6822
[    4.301391] synaptics_ts_probe: inactive_x -8 -8, inactive_y -42 -42
[    4.301635] synaptics_ts_probe: snap_x 0-0 0-0, snap_y 0-0 0-0
[    4.302276] input: synaptics-rmi-touchscreen as /devices/virtual/input/input1
[    4.304321] synaptics_ts_probe: Start touchscreen synaptics-rmi-touchscreen in interrupt mode
[    4.305755] GPIO Matrix Keypad Driver: Start keypad matrix for bravo-keypad in interrupt mode
[    4.306396] GPIO Input Driver: Start gpio inputs for bravo-keypad in interrupt mode
[    4.308135] input: bravo-keypad as /devices/virtual/input/input2
[    4.309906] using input dev h2w headset for key reset
[    4.310150] using input dev bravo-keypad for key reset
[    4.311309] RTC Registering with rs30000048
[    4.311737] gpio_keys_scan_keys: key 1-74, 0 (94) changed to 0
[    4.314086] msm_rpc_client_req: RPC call was not successful (3)
[    4.314361] msmrtc_setup_cb: RPC client registration for PROC:12 failed
[    4.314483] rs30000048 rs30000048.65536: msmrtc_probe: Could not initialize RPC callback
[    4.316101] msmrtc_tod_proc_result: 01/07/1980 22:33:43 (00)
[    4.317687] using rtc device, msm_rtc, for alarms
[    4.317810] rs30000048 rs30000048.65536: rtc core: registered msm_rtc as rtc0
[    4.319183] msmrtc_tod_proc_result: 01/07/1980 22:33:43 (00)
[    4.319580] rs30000048 rs30000048.65536: rtc core: registered msm_rtc_secure as rtc1
[    4.320892] lirc_dev: IR Remote Control driver registered, major 246 
[    4.321075] IR NEC protocol handler initialized
[    4.321319] IR RC5(x) protocol handler initialized
[    4.321472] IR RC6 protocol handler initialized
[    4.321685] IR JVC protocol handler initialized
[    4.321838] IR Sony protocol handler initialized
[    4.321960] IR RC5 (streamzap) protocol handler initialized
[    4.322204] IR LIRC bridge handler initialized
[    4.417388] Driver for 1-wire Dallas network protocol.
[    4.419036] msm_i2c msm_i2c.0: [MSM I2C Err] status = 0x63C8, addr = 0x18, flags = 0x00, last_addr = 18, reg = 0xC3, last_reg = 0x00, last_flag = 0x01, cnt = 0, pos = 2
[    4.419342] msm_i2c msm_i2c.0: (0030) Error during data xfer (-5) (C3, 00)
[    4.422973] device-mapper: uevent: version 1.0.3
[    4.424102] device-mapper: ioctl: 4.20.0-ioctl (2011-02-02) initialised: dm-devel@redhat.com
[    4.424438] Bluetooth: HCI UART driver ver 2.2
[    4.424560] Bluetooth: HCI H4 protocol initialized
[    4.424804] Bluetooth: HCILL protocol initialized
[    4.425598] msm_sdcc: probe of msm_sdcc.1 failed with error -22
[    4.426818] [CLK] clk_set_rate: failed to set clk: SDC2_CLK, rate=3785408525, flags=0x0, rc=-5
[    4.426971] msmsdcc_probe: Clock rate set failed (-5)
[    4.427368] msm_sdcc: probe of msm_sdcc.2 failed with error -5
[    4.434631] logger: created 256K log 'log_main'
[    4.435546] logger: created 256K log 'log_events'
[    4.436370] logger: created 256K log 'log_radio'
[    4.437530] logger: created 256K log 'log_system'
[    4.439697] zram: num_devices not specified. Using default: 1
[    4.439971] zram: Creating 1 devices ...
[    4.445159] GACT probability NOT on
[    4.445343] Mirror/redirect action on
[    4.445587] u32 classifier
[    4.445953]     Actions configured
[    4.446624] Netfilter messages via NETLINK v0.30.
[    4.447662] nf_conntrack version 0.5.0 (5069 buckets, 20276 max)
[    4.452819] ctnetlink v0.93: registering with nfnetlink.
[    4.454040] NF_TPROXY: Transparent proxy support initialized, version 4.1.0
[    4.454284] NF_TPROXY: Copyright (c) 2006-2007 BalaBit IT Ltd.
[    4.459625] xt_time: kernel timezone is -0000
[    4.462219] ip_tables: (C) 2000-2006 Netfilter Core Team
[    4.464385] arp_tables: (C) 2002 David S. Miller
[    4.465637] TCP cubic registered
[    4.472106] NET: Registered protocol family 10
[    4.488128] Mobile IPv6
[    4.488403] ip6_tables: (C) 2000-2006 Netfilter Core Team
[    4.489013] IPv6 over IPv4 tunneling driver
[    4.497192] NET: Registered protocol family 17
[    4.497985] NET: Registered protocol family 15
[    4.499420] Bridge firewalling registered
[    4.499847] ######## bthid_init: ########
[    4.501403] ######## bthid_init: done ########
[    4.501800] lib80211: common routines for IEEE802.11 drivers
[    4.502319] lib80211_crypt: registered algorithm 'NULL'
[    4.502471] VFP support v0.3: implementor 51 architecture 64 part 0f variant 0 rev 1
[    4.503570] ThumbEE CPU extension supported.
[    4.539459] clock_late_init() disabled 30 unused clocks
[    4.544586] [Port list] init()
[    4.544982] [Port list] Virtual Address for port_list: [f81b2790]
[    4.545349] [Port list] Physical Address for port_list: [1B2790]
[    4.553009] bravo_wifi_init: start
[    4.559692] regulator_init_complete: ldo2: incomplete constraints, leaving on
[    4.560974] regulator_init_complete: ldo1: incomplete constraints, leaving on
[    4.562469] regulator_init_complete: dcdc3: incomplete constraints, leaving on
[    4.563964] regulator_init_complete: dcdc2: incomplete constraints, leaving on
[    4.565551] regulator_init_complete: dcdc1: incomplete constraints, leaving on
[    4.568267] msmrtc_tod_proc_result: 01/07/1980 22:33:43 (00)
[    4.568450] rs30000048 rs30000048.65536: setting system clock to 1980-01-07 22:33:43 UTC (316132423)
[    4.571228] BUG: key d639c50c not in .data!
[    4.571380] ------------[ cut here ]------------
[    4.571807] WARNING: at kernel/lockdep.c:2885 lockdep_init_map+0x104/0x4cc()
[    4.572021] Modules linked in:
[    4.572387] Backtrace: 
[    4.572906] [<c0040460>] (dump_backtrace+0x0/0x110) from [<c043d578>] (dump_stack+0x18/0x1c)
[    4.573150]  r6:c051a65e r5:00000b45 r4:00000000 r3:00000000
[    4.574371] [<c043d560>] (dump_stack+0x0/0x1c) from [<c0085a64>] (warn_slowpath_common+0x54/0x6c)
[    4.574615] [<c0085a10>] (warn_slowpath_common+0x0/0x6c) from [<c0085aa0>] (warn_slowpath_null+0x24/0x2c)
[    4.575042]  r8:d639c500 r7:d6398020 r6:00000000 r5:d639c50c r4:d639ae08
[    4.575988] r3:00000009
[    4.576660] [<c0085a7c>] (warn_slowpath_null+0x0/0x2c) from [<c00aebb8>] (lockdep_init_map+0x104/0x4cc)
[    4.576965] [<c00aeab4>] (lockdep_init_map+0x0/0x4cc) from [<c014e070>] (sysfs_add_file_mode+0x58/0xb8)
[    4.577392] [<c014e018>] (sysfs_add_file_mode+0x0/0xb8) from [<c01509b8>] (internal_create_group+0x11c/0x19c)
[    4.577728]  r6:d639ad80 r5:d6398000 r4:00000000
[    4.578582] [<c015089c>] (internal_create_group+0x0/0x19c) from [<c0150a6c>] (sysfs_create_group+0x18/0x1c)
[    4.578735] [<c0150a54>] (sysfs_create_group+0x0/0x1c) from [<c00101cc>] (msm_pm_init+0x2ac/0x480)
[    4.579010] [<c000ff20>] (msm_pm_init+0x0/0x480) from [<c003737c>] (do_one_initcall+0xa0/0x174)
[    4.579437] [<c00372dc>] (do_one_initcall+0x0/0x174) from [<c00083e8>] (kernel_init+0x78/0x120)
[    4.579742]  r9:00000000 r8:00000000 r7:00000013 r6:c00890e4 r5:c0030e50
[    4.580993] r4:c003174c
[    4.581481] [<c0008370>] (kernel_init+0x0/0x120) from [<c00890e4>] (do_exit+0x0/0x648)
[    4.581787]  r5:c0008370 r4:00000000
[    4.582336] ---[ end trace d0e29086a00e9a46 ]---
[    4.582672] BUG: key d639c528 not in .data!
[    4.582855] BUG: key d639c544 not in .data!
[    4.583129] BUG: key d639c560 not in .data!
[    4.583435] BUG: key d639c58c not in .data!
[    4.583740] BUG: key d639c5a8 not in .data!
[    4.584075] BUG: key d639c5c4 not in .data!
[    4.584289] BUG: key d639c5e0 not in .data!
[    4.584533] BUG: key d639c60c not in .data!
[    4.584686] BUG: key d639c628 not in .data!
[    4.584991] BUG: key d639c644 not in .data!
[    4.585296] BUG: key d639c660 not in .data!
[    4.585449] BUG: key d639c68c not in .data!
[    4.585601] BUG: key d639c6a8 not in .data!
[    4.586029] BUG: key d639c6c4 not in .data!
[    4.586212] BUG: key d639c6e0 not in .data!
[    4.586517] Acquire 'boot-time' no_halt_lock 60s
[    4.587097] Warning: unable to open an initial console.
[    4.588043] Freeing init memory: 188K
[    4.599212] init (1): /proc/1/oom_adj is deprecated, please use /proc/1/oom_score_adj instead.
[    4.821350] batt: 100%, 4099 mV, 10 mA (0 avg), 29.7 C, 1353 mAh
[    4.827514] batt: charging OFF [FULL]
[    4.845062] keychord: using input dev h2w headset for fevent
[    4.845275] keychord: using input dev bravo-keypad for fevent
[    4.850708] yaffs: dev is 32505859 name is "mtdblock3" rw
[    4.850921] yaffs: passed flags ""
[    4.851013] yaffs: Attempting MTD mount of 31.3,"mtdblock3"
[    5.125457] yaffs: yaffs_read_super: is_checkpointed 1
[    5.126403] yaffs: dev is 32505861 name is "mtdblock5" rw
[    5.126708] yaffs: passed flags ""
[    5.126892] yaffs: Attempting MTD mount of 31.5,"mtdblock5"
[    5.396026] yaffs: block 486 is bad
[   13.924652] yaffs: yaffs_read_super: is_checkpointed 0
[   13.925476] yaffs: dev is 32505860 name is "mtdblock4" rw
[   13.925964] yaffs: passed flags ""
[   13.926239] yaffs: Attempting MTD mount of 31.4,"mtdblock4"
[   13.929473] yaffs: yaffs_read_super: is_checkpointed 1
[   15.095764] init: service 'console' requires console
[   15.247741] [Port list] TCP port#: [5555]
[   15.248016] [Port list] Add port [5555]
[   15.248107] [Port list] [1] = 5555
[   15.469085] warning: `rild' uses 32-bit capabilities (legacy support in use)
[   16.159942] msmfb: pan_update in state(1)
[   16.159942] msmfb: full update starting
[   16.206634] msmfb: full update completed
[   16.206817] msmfb: turning on panel
[   16.206909] lcdc_unblank: ()
[   16.207031] sony_tft_panel_unblank: +()
[   16.207214] sony_tft_panel_unblank: -() already unblanked
[   17.117828] htc-acoustic: open
[   17.122039] htc-acoustic: release
[   20.719024] NAND boot, writing additional init commands to /dev/smd0
[   26.170013] audio: init: codecs
[   26.275421] dal_attach: status = 0, name = 'DAL_AQ_AUD'
[   26.275543] audio: init: INIT
[   26.275878] audio: init: OPEN control
[   26.662200] audio: init: attach ACDB
[   26.771240] dal_attach: status = 0, name = 'DAL_AM_AUD'
[   26.771362] audio: init: attach ADIE
[   26.771820] dal_attach: status = 0, name = 'DAL_AM_AUD'
[   26.771972] pmic_rpc_req_reply: successfully connected to 0x10001 rpc version
[   26.786254] acdb: load 'default.acdb'
[   26.828674] acdb: 588 bytes for device 607, rate 48000.
[   26.843261] acdb: 871 bytes for device 507, rate 8000.
[   29.073211] request_suspend_state: wakeup (3->0) at 26052422316 (1980-01-07 22:34:07.997108961 UTC)
[   30.181793] sony_tft_set_pwm_val: 102
[   44.826354] gpio_keys_scan_keys: key 1-74, 0 (94) changed to 1
[   46.073883] gpio_keys_scan_keys: key 1-74, 0 (94) changed to 0
[   51.215209] SysRq : Emergency Remount R/O
[   51.222595] Emergency Remount complete
[   51.229370] msmfb_shutdown
[   51.229492] lcdc_blank: ()
[   51.229614] sony_tft_panel_blank: +()
[   51.458282] sony_tft_panel_blank: -()
[   51.458404] lcdc_shutdown: ()
[   51.458770] Thread-87(parent:zygote): Restarting system with command 'recovery'.
[   51.459014] [K] msm_pm_restart: restart_reason 0x77665502, cmd recovery

No errors detected
